|------------------------------------------------------------------------------|
|                             ECL  LOADING  REPORT                             |
|                                                                    Page   1  |
|------------------------------------------------------------------------------|
|  C:/1/NSD549-SCH1017-18.brd                                                  |
|  dimensions in mils                                Mon Oct 19 09:46:26 2020  |
|------------------------------------------------------------------------------|
|                   refdes                                                     |
|  net name         pinid               x        y       length   layer        |
|- - - - - - - - - - - - - - - - - - - - - - - - - - - - - - - - - - - - - - - |
 -I2C3_INT_PD
                   JTBTA_LS.8*     1024.212  415.503 L    0.000  
                   VIA              980.100  454.200 V   73.957  TOP
                   VIA              980.100  454.200 V   73.957  TOP
                   VIA              764.500  694.300 V  530.932  L3
                   VIA              764.500  694.300 V  530.932  TOP
                   U290.A10*        765.513  694.300 L  531.945  TOP
        TOTAL         4 VIA(S)                          531.945  mils
 - - - - - - - - - - - - - - - - - - - - - - - - - - - - - - - - - - - - - - -  
 -LED_PWR_R
                   JTBTA_LS.24*    1134.448  415.503 L    0.000  
                   VIA             1134.448  415.503 V    0.000  TOP
                   VIA             1134.448  415.503 V    0.000  TOP
                   VIA             1134.448  415.503 V    0.000  TOP
                   VIA             1134.448  415.503 V    0.000  TOP
                   VIA              265.500 1801.700 V 2223.901  L5
                   VIA              279.700 1801.700 V 2238.101  L8
                   VIA              279.700 1801.700 V 2238.101  TOP
                   VIA              279.700 1801.700 V 2238.101  TOP
                   VIA              279.700 1801.700 V 2238.101  TOP
                   R11213.1*        279.700 1801.700 L 2238.101  TOP
        TOTAL         9 VIA(S)                         2238.101  mils
 - - - - - - - - - - - - - - - - - - - - - - - - - - - - - - - - - - - - - - -  
 -PWRSWITCH
                   JTBTA_LS.19*    1106.889  336.467 L    0.000  
                   VIA             1106.889  336.467 V    0.000  TOP
                   VIA             1106.889  336.467 V    0.000  TOP
                   VIA             1106.889  336.467 V    0.000  TOP
                   VIA             1106.889  336.467 V    0.000  TOP
                   VIA              282.100 1417.000 V 1853.137  L5
                   VIA              282.100 1431.300 V 1867.437  L8
                   VIA              282.100 1431.300 V 1867.437  TOP
                   VIA              282.100 1431.300 V 1867.437  TOP
                   VIA              282.100 1431.300 V 1867.437  TOP
                   C10215.1         282.100 1431.300 L 1867.437  TOP
                   SW1.1*           267.000 1536.000 L 1997.473  BOTTOM
        TOTAL         9 VIA(S)                         1997.473  mils
 - - - - - - - - - - - - - - - - - - - - - - - - - - - - - - - - - - - - - - -  
 -RT_B_RESET
                   U290.L11*        747.403  875.402 L    0.000  
                   VIA              761.205  860.200 V   20.919  TOP
                   VIA              761.205  860.200 V   20.919  TOP
                   VIA             1051.771  437.500 V  918.721  L3
                   VIA             1051.771  437.500 V  918.721  TOP
                   JTBTA_LS.12*    1051.771  415.503 L  940.718  TOP
        TOTAL         4 VIA(S)                          940.718  mils
|------------------------------------------------------------------------------|
|                             ECL  LOADING  REPORT                             |
|                                                                    Page   2  |
|------------------------------------------------------------------------------|
|  C:/1/NSD549-SCH1017-18.brd                                                  |
|  dimensions in mils                                Mon Oct 19 09:46:26 2020  |
|------------------------------------------------------------------------------|
|                   refdes                                                     |
|  net name         pinid               x        y       length   layer        |
|- - - - - - - - - - - - - - - - - - - - - - - - - - - - - - - - - - - - - - - |
 -RT_PERST
                   U290.B8*         801.734  712.410 L    0.000  
                   VIA              788.218  674.748 V   43.261  TOP
                   VIA              788.218  674.748 V   43.261  TOP
                   VIA              776.300  509.700 V  218.311  L3
                   VIA              776.300  509.700 V  218.311  TOP
                   JTBTA_LS.10*    1037.992  415.503 L  540.170  TOP
        TOTAL         4 VIA(S)                          540.170  mils
 - - - - - - - - - - - - - - - - - - - - - - - - - - - - - - - - - - - - - - -  
 -RT_SPI_CS
                   U290.B6*         837.954  712.410 L    0.000  
                   VIA              837.954  712.410 V    0.000  TOP
                   VIA              837.954  712.410 V    0.000  TOP
                   VIA              692.800  378.800 V  424.442  L3
                   VIA              692.800  378.800 V  424.442  TOP
                   R10076.1         692.800  378.800 L  424.442  TOP
                   TP1815.1         648.300  400.500 L  477.930  TOP
                   U184.1*          600.100  350.700 L  558.356  TOP
        TOTAL         4 VIA(S)                          558.356  mils
 - - - - - - - - - - - - - - - - - - - - - - - - - - - - - - - - - - - - - - -  
 I2C3_CLK_PD
                   U290.C9*         777.718  742.725 L    0.000  
                   VIA              777.718  742.725 V    0.000  TOP
                   VIA              777.718  742.725 V    0.000  TOP
                   VIA              996.653  433.800 V  535.401  L3
                   VIA              996.653  433.800 V  535.401  TOP
                   JTBTA_LS.4*      996.653  415.503 L  553.698  TOP
        TOTAL         4 VIA(S)                          553.698  mils
 - - - - - - - - - - - - - - - - - - - - - - - - - - - - - - - - - - - - - - -  
 I2C3_DATA_PD
                   U290.E7*         803.308  768.315 L    0.000  
                   VIA              803.308  768.315 V    0.000  TOP
                   VIA              803.308  768.315 V    0.000  TOP
                   VIA             1010.433  435.000 V  529.392  L3
                   VIA             1010.433  435.000 V  529.392  TOP
                   JTBTA_LS.6*     1010.433  415.503 L  548.889  TOP
        TOTAL         4 VIA(S)                          548.889  mils
 - - - - - - - - - - - - - - - - - - - - - - - - - - - - - - - - - - - - - - -  
 N23368023
                   R3189.1*         605.200  560.200 L    0.000  
                   U203.B4*         628.600  531.200 L   38.693  TOP
        TOTAL         0 VIA(S)                           38.693  mils
 - - - - - - - - - - - - - - - - - - - - - - - - - - - - - - - - - - - - - - -  
 N23368125
                   C3224.2*         577.500  531.400 L    0.000  
                   U203.A4*         612.900  531.200 L   35.483  TOP
|------------------------------------------------------------------------------|
|                             ECL  LOADING  REPORT                             |
|                                                                    Page   3  |
|------------------------------------------------------------------------------|
|  C:/1/NSD549-SCH1017-18.brd                                                  |
|  dimensions in mils                                Mon Oct 19 09:46:26 2020  |
|------------------------------------------------------------------------------|
|                   refdes                                                     |
|  net name         pinid               x        y       length   layer        |
|- - - - - - - - - - - - - - - - - - - - - - - - - - - - - - - - - - - - - - - |
        TOTAL         0 VIA(S)                           35.483  mils
 - - - - - - - - - - - - - - - - - - - - - - - - - - - - - - - - - - - - - - -  
 N23381465
                   LED1.1*          215.200 1795.600 L    0.000  
                   R11213.2*        256.700 1801.700 L   44.027  BOTTOM
        TOTAL         0 VIA(S)                           44.027  mils
 - - - - - - - - - - - - - - - - - - - - - - - - - - - - - - - - - - - - - - -  
 N23383257
                   R11151.1*        840.918  623.848 L    0.000  
                   R10144.1         862.618  623.448 L   21.866  TOP
                   U290.A4*         874.175  694.300 L   97.505  TOP
        TOTAL         0 VIA(S)                           97.505  mils
 - - - - - - - - - - - - - - - - - - - - - - - - - - - - - - - - - - - - - - -  
 N151138120
                   R10074.1*        879.064  875.402 L    0.000  
                   VIA              879.064  875.402 V    0.000  TOP
                   VIA              879.064  875.402 V    0.000  TOP
                   VIA              879.064  875.402 V    0.000  TOP
                   VIA              879.064  875.402 V    0.000  TOP
                   VIA              876.800  889.600 V   15.136  L8
                   VIA              874.175  875.402 V   30.421  L5
                   VIA              874.175  875.402 V   30.421  TOP
                   VIA              874.175  875.402 V   30.421  TOP
                   VIA              874.175  875.402 V   30.421  TOP
                   U290.L4*         874.175  875.402 L   30.421  TOP
        TOTAL         9 VIA(S)                           30.421  mils
 - - - - - - - - - - - - - - - - - - - - - - - - - - - - - - - - - - - - - - -  
 N151138161
                   U290.L5*         856.064  875.402 L    0.000  
                   VIA              856.064  875.402 V    0.000  TOP
                   VIA              856.064  875.402 V    0.000  TOP
                   VIA              856.064  875.402 V    0.000  TOP
                   VIA              856.064  875.402 V    0.000  TOP
                   VIA              863.200  861.800 V   16.558  L5
                   VIA              856.064  875.402 V   33.116  L8
                   VIA              856.064  875.402 V   33.116  TOP
                   VIA              856.064  875.402 V   33.116  TOP
                   VIA              856.064  875.402 V   33.116  TOP
                   R10074.2*        856.064  875.402 L   33.116  TOP
        TOTAL         9 VIA(S)                           33.116  mils
 - - - - - - - - - - - - - - - - - - - - - - - - - - - - - - - - - - - - - - -  
 N151140795
                   C8946.1*         725.798 1050.781 L    0.000  
                   Y12.1            741.498 1016.285 L   40.999  TOP
                   R10079.1*        773.388 1010.631 L   75.231  TOP
        TOTAL         0 VIA(S)                           75.231  mils
|------------------------------------------------------------------------------|
|                             ECL  LOADING  REPORT                             |
|                                                                    Page   4  |
|------------------------------------------------------------------------------|
|  C:/1/NSD549-SCH1017-18.brd                                                  |
|  dimensions in mils                                Mon Oct 19 09:46:26 2020  |
|------------------------------------------------------------------------------|
|                   refdes                                                     |
|  net name         pinid               x        y       length   layer        |
|- - - - - - - - - - - - - - - - - - - - - - - - - - - - - - - - - - - - - - - |
 N151484425
                   R10147.2*        750.759  625.527 L    0.000  
                   R10142.1         772.339  625.727 L   22.326  TOP
                   U290.A6*         837.954  694.300 L  129.652  TOP
        TOTAL         0 VIA(S)                          129.652  mils
 - - - - - - - - - - - - - - - - - - - - - - - - - - - - - - - - - - - - - - -  
 N151484427
                   R10143.1*        795.519  625.727 L    0.000  
                   R10148.2         817.999  625.527 L   23.226  TOP
                   U290.A5*         856.064  694.300 L  107.766  TOP
        TOTAL         0 VIA(S)                          107.766  mils
 - - - - - - - - - - - - - - - - - - - - - - - - - - - - - - - - - - - - - - -  
 N151484453
                   U290.A9*         783.623  694.300 L    0.000  
                   R10146.1*        706.818  625.748 L  123.394  TOP
        TOTAL         0 VIA(S)                          123.394  mils
 - - - - - - - - - - - - - - - - - - - - - - - - - - - - - - - - - - - - - - -  
 N151484455
                   U290.A8*         801.734  694.300 L    0.000  
                   R10145.1*        728.918  625.248 L  121.683  TOP
        TOTAL         0 VIA(S)                          121.683  mils
 - - - - - - - - - - - - - - - - - - - - - - - - - - - - - - - - - - - - - - -  
 N151484465
                   U290.B9*         783.623  712.410 L    0.000  
                   R10151.2*        680.519  625.327 L  160.257  TOP
        TOTAL         0 VIA(S)                          160.257  mils
 - - - - - - - - - - - - - - - - - - - - - - - - - - - - - - - - - - - - - - -  
 N151484806
                   U290.A3*         892.285  694.300 L    0.000  
                   R10152.2*        951.018  623.548 L  107.967  TOP
        TOTAL         0 VIA(S)                          107.967  mils
 - - - - - - - - - - - - - - - - - - - - - - - - - - - - - - - - - - - - - - -  
 N151484818
                   U290.C3*         880.080  742.725 L    0.000  
                   VIA              880.080  742.725 V    0.000  TOP
                   VIA              880.080  742.725 V    0.000  TOP
                   VIA              929.219  623.527 V  153.962  L3
                   VIA              929.219  623.527 V  153.962  TOP
                   R10153.2*        929.219  623.527 L  153.962  TOP
        TOTAL         4 VIA(S)                          153.962  mils
 - - - - - - - - - - - - - - - - - - - - - - - - - - - - - - - - - - - - - - -  
 N151484830
                   U290.B5*         856.064  712.410 L    0.000  
                   VIA              856.064  712.410 V    0.000  TOP
                   VIA              856.064  712.410 V    0.000  TOP
                   VIA              876.900  660.000 V   61.575  L3
|------------------------------------------------------------------------------|
|                             ECL  LOADING  REPORT                             |
|                                                                    Page   5  |
|------------------------------------------------------------------------------|
|  C:/1/NSD549-SCH1017-18.brd                                                  |
|  dimensions in mils                                Mon Oct 19 09:46:26 2020  |
|------------------------------------------------------------------------------|
|                   refdes                                                     |
|  net name         pinid               x        y       length   layer        |
|- - - - - - - - - - - - - - - - - - - - - - - - - - - - - - - - - - - - - - - |
                   VIA              876.900  660.000 V   61.575  TOP
                   R10154.2*        884.659  623.527 L  101.262  TOP
        TOTAL         4 VIA(S)                          101.262  mils
 - - - - - - - - - - - - - - - - - - - - - - - - - - - - - - - - - - - - - - -  
 N151484842
                   U290.C5*         854.490  742.725 L    0.000  
                   VIA              854.490  742.725 V    0.000  TOP
                   VIA              854.490  742.725 V    0.000  TOP
                   VIA              907.439  623.527 V  169.356  L3
                   VIA              907.439  623.527 V  169.356  TOP
                   R10155.2*        907.439  623.527 L  169.356  TOP
        TOTAL         4 VIA(S)                          169.356  mils
 - - - - - - - - - - - - - - - - - - - - - - - - - - - - - - - - - - - - - - -  
 N151484909
                   U290.B3*         892.285  712.410 L    0.000  
                   R10156.2*        974.918  623.748 L  135.226  TOP
        TOTAL         0 VIA(S)                          135.226  mils
 - - - - - - - - - - - - - - - - - - - - - - - - - - - - - - - - - - - - - - -  
 N153974920
                   R10077.1*        560.600  285.500 L    0.000  
                   U184.3*          600.100  311.330 L   50.199  TOP
        TOTAL         0 VIA(S)                           50.199  mils
 - - - - - - - - - - - - - - - - - - - - - - - - - - - - - - - - - - - - - - -  
 N153975429
                   R10078.1*        740.400  330.800 L    0.000  
                   U184.7*          706.400  331.010 L   34.087  TOP
        TOTAL         0 VIA(S)                           34.087  mils
 - - - - - - - - - - - - - - - - - - - - - - - - - - - - - - - - - - - - - - -  
 RT_B_XTAL_25_IN
                   C8947.1*         654.882  986.631 L    0.000  
                   Y12.3            686.398  972.985 L   37.168  TOP
                   U290.L9*         783.623  875.402 L  184.054  TOP
        TOTAL         0 VIA(S)                          184.054  mils
 - - - - - - - - - - - - - - - - - - - - - - - - - - - - - - - - - - - - - - -  
 RT_B_XTAL_25_OUT
                   U290.M9*         783.623  893.512 L    0.000  
                   R10079.2*        773.388  987.631 L  112.748  TOP
        TOTAL         0 VIA(S)                          112.748  mils
 - - - - - - - - - - - - - - - - - - - - - - - - - - - - - - - - - - - - - - -  
 RT_FORCE_PWR
                   JTBTA_LS.14*    1065.551  415.503 L    0.000  
                   VIA              982.300  488.700 V  131.523  TOP
                   VIA              982.300  488.700 V  131.523  TOP
                   VIA              765.513  712.410 V  569.128  L3
                   VIA              765.513  712.410 V  569.128  TOP
                   U290.B10*        765.513  712.410 L  569.128  TOP
|------------------------------------------------------------------------------|
|                             ECL  LOADING  REPORT                             |
|                                                                    Page   6  |
|------------------------------------------------------------------------------|
|  C:/1/NSD549-SCH1017-18.brd                                                  |
|  dimensions in mils                                Mon Oct 19 09:46:26 2020  |
|------------------------------------------------------------------------------|
|                   refdes                                                     |
|  net name         pinid               x        y       length   layer        |
|- - - - - - - - - - - - - - - - - - - - - - - - - - - - - - - - - - - - - - - |
        TOTAL         4 VIA(S)                          569.128  mils
 - - - - - - - - - - - - - - - - - - - - - - - - - - - - - - - - - - - - - - -  
 RT_SPI_CLK
                   TP1819.1*        806.700  264.100 L    0.000  
                   U184.6           706.400  311.330 L  119.863  TOP
                   VIA              706.400  311.330 V  119.863  TOP
                   VIA              706.400  311.330 V  119.863  TOP
                   VIA              803.308  742.725 V  660.484  L3
                   VIA              803.308  742.725 V  660.484  TOP
                   U290.C7*         803.308  742.725 L  660.484  TOP
        TOTAL         4 VIA(S)                          660.484  mils
 - - - - - - - - - - - - - - - - - - - - - - - - - - - - - - - - - - - - - - -  
 RT_SPI_MISO
                   U290.B4*         874.175  712.410 L    0.000  
                   VIA              874.175  712.410 V    0.000  TOP
                   VIA              874.175  712.410 V    0.000  TOP
                   VIA              684.600  431.800 V  403.352  L3
                   VIA              684.600  431.800 V  403.352  TOP
                   TP1816.1         593.000  416.400 L  501.331  TOP
                   R10075.1         560.900  353.800 L  577.227  TOP
                   U184.2*          600.100  331.010 L  625.867  TOP
        TOTAL         4 VIA(S)                          625.867  mils
 - - - - - - - - - - - - - - - - - - - - - - - - - - - - - - - - - - - - - - -  
 RT_SPI_MOSI
                   TP1820.1*        747.800  256.300 L    0.000  
                   U184.5           706.400  291.640 L   67.461  TOP
                   VIA              706.400  291.640 V   67.461  TOP
                   VIA              706.400  291.640 V   67.461  TOP
                   VIA              828.899  742.725 V  695.011  L3
                   VIA              828.899  742.725 V  695.011  TOP
                   U290.C6*         828.899  742.725 L  695.011  TOP
        TOTAL         4 VIA(S)                          695.011  mils
 - - - - - - - - - - - - - - - - - - - - - - - - - - - - - - - - - - - - - - -  
 SML0_CLK
                   U290.A7*         819.844  694.300 L    0.000  
                   VIA              809.018  666.148 V   34.821  TOP
                   VIA              809.018  666.148 V   34.821  TOP
                   VIA              982.874  336.467 V  456.924  L3
                   VIA              982.874  336.467 V  456.924  TOP
                   JTBTA_LS.1*      982.874  336.467 L  456.924  TOP
        TOTAL         4 VIA(S)                          456.924  mils
 - - - - - - - - - - - - - - - - - - - - - - - - - - - - - - - - - - - - - - -  
 SML0_DATA
                   U290.B7*         819.844  712.410 L    0.000  
                   VIA              808.718  679.248 V   37.771  TOP
                   VIA              808.718  679.248 V   37.771  TOP
|------------------------------------------------------------------------------|
|                             ECL  LOADING  REPORT                             |
|                                                                    Page   7  |
|------------------------------------------------------------------------------|
|  C:/1/NSD549-SCH1017-18.brd                                                  |
|  dimensions in mils                                Mon Oct 19 09:46:26 2020  |
|------------------------------------------------------------------------------|
|                   refdes                                                     |
|  net name         pinid               x        y       length   layer        |
|- - - - - - - - - - - - - - - - - - - - - - - - - - - - - - - - - - - - - - - |
                   VIA              982.874  434.200 V  385.771  L3
                   VIA              982.874  434.200 V  385.771  TOP
                   JTBTA_LS.2*      982.874  415.503 L  404.468  TOP
        TOTAL         4 VIA(S)                          404.468  mils
 - - - - - - - - - - - - - - - - - - - - - - - - - - - - - - - - - - - - - - -  
 TBTB_RX1N
                   U290.J11*        747.403  839.182 L    0.000  
                   VIA              747.403  839.182 V    0.000  TOP
                   VIA              747.403  839.182 V    0.000  TOP
                   VIA              747.403  839.182 V    0.000  TOP
                   VIA              747.403  839.182 V    0.000  TOP
                   VIA              748.700  853.900 V   15.255  L5
                   VIA              747.403  839.182 V   30.510  L8
                   VIA              747.403  839.182 V   30.510  TOP
                   VIA              747.403  839.182 V   30.510  TOP
                   VIA              747.403  839.182 V   30.510  TOP
                   R3608.1*         520.505  834.700 L  285.436  BOTTOM
        TOTAL         9 VIA(S)                          285.436  mils
 - - - - - - - - - - - - - - - - - - - - - - - - - - - - - - - - - - - - - - -  
 TBTB_RX1N_C
                   JGFCA1.B10*      201.772  838.190 L    0.000  
                   VIA              233.342  838.189 V   31.570  TOP
                   VIA              233.342  838.189 V   31.570  TOP
                   VIA              346.742  842.789 V  150.180  L10
                   VIA(T)           346.742  842.789 V  150.180  TOP
                   TP129.1*         346.745  842.790 L  150.183  TOP
                   R3610.2          410.105  834.500 L  219.553  BOTTOM
                   C3602.1*         430.805  833.400 L  244.253  BOTTOM
        TOTAL         4 VIA(S)                          244.253  mils
 - - - - - - - - - - - - - - - - - - - - - - - - - - - - - - - - - - - - - - -  
 TBTB_RX1N_R
                   R3608.2*         497.505  834.700 L    0.000  
                   D357.1           476.005  836.100 L   25.257  BOTTOM
                   C3602.2*         453.805  833.400 L   51.106  BOTTOM
        TOTAL         0 VIA(S)                           51.106  mils
 - - - - - - - - - - - - - - - - - - - - - - - - - - - - - - - - - - - - - - -  
 TBTB_RX1P
                   U290.J12*        729.293  839.182 L    0.000  
                   VIA              729.293  839.182 V    0.000  TOP
                   VIA              729.293  839.182 V    0.000  TOP
                   VIA              729.293  839.182 V    0.000  TOP
                   VIA              729.293  839.182 V    0.000  TOP
                   VIA              726.696  853.723 V   15.531  L5
                   VIA              729.293  839.182 V   31.062  L8
                   VIA              729.293  839.182 V   31.062  TOP
                   VIA              729.293  839.182 V   31.062  TOP
|------------------------------------------------------------------------------|
|                             ECL  LOADING  REPORT                             |
|                                                                    Page   8  |
|------------------------------------------------------------------------------|
|  C:/1/NSD549-SCH1017-18.brd                                                  |
|  dimensions in mils                                Mon Oct 19 09:46:26 2020  |
|------------------------------------------------------------------------------|
|                   refdes                                                     |
|  net name         pinid               x        y       length   layer        |
|- - - - - - - - - - - - - - - - - - - - - - - - - - - - - - - - - - - - - - - |
                   VIA              729.293  839.182 V   31.062  TOP
                   R3607.1*         520.505  855.700 L  281.828  BOTTOM
        TOTAL         9 VIA(S)                          281.828  mils
 - - - - - - - - - - - - - - - - - - - - - - - - - - - - - - - - - - - - - - -  
 TBTB_RX1P_C
                   JGFCA1.B11*      201.772  857.875 L    0.000  
                   VIA              233.342  857.879 V   31.570  TOP
                   VIA              233.342  857.879 V   31.570  TOP
                   VIA              346.742  862.789 V  150.180  L10
                   VIA(T)           346.742  862.789 V  150.180  TOP
                   TP133.1*         346.745  862.790 L  150.183  TOP
                   R3609.2          410.105  854.700 L  219.553  BOTTOM
                   C3603.1*         431.205  856.100 L  244.757  BOTTOM
        TOTAL         4 VIA(S)                          244.757  mils
 - - - - - - - - - - - - - - - - - - - - - - - - - - - - - - - - - - - - - - -  
 TBTB_RX1P_R
                   R3607.2*         497.505  855.700 L    0.000  
                   D356.1           475.905  854.100 L   25.338  BOTTOM
                   C3603.2*         454.205  856.100 L   50.731  BOTTOM
        TOTAL         0 VIA(S)                           50.731  mils
 - - - - - - - - - - - - - - - - - - - - - - - - - - - - - - - - - - - - - - -  
 TBTB_RX2N
                   R11045.1*        523.205  707.100 L    0.000  
                   U290.C11*        747.403  730.520 L  241.266  TOP
        TOTAL         0 VIA(S)                          241.266  mils
 - - - - - - - - - - - - - - - - - - - - - - - - - - - - - - - - - - - - - - -  
 TBTB_RX2N_R
                   C10093.1*        456.005  709.000 L    0.000  
                   D354.1           478.605  705.600 L   26.328  TOP
                   R11045.2*        500.205  707.100 L   51.178  TOP
        TOTAL         0 VIA(S)                           51.178  mils
 - - - - - - - - - - - - - - - - - - - - - - - - - - - - - - - - - - - - - - -  
 TBTB_RX2P
                   R11046.1*        523.205  686.100 L    0.000  
                   U290.C12*        729.293  730.520 L  242.450  TOP
        TOTAL         0 VIA(S)                          242.450  mils
 - - - - - - - - - - - - - - - - - - - - - - - - - - - - - - - - - - - - - - -  
 TBTB_RX2P_R
                   C10094.1*        456.305  686.300 L    0.000  
                   D355.1           478.605  687.600 L   25.897  TOP
                   R11046.2*        500.205  686.100 L   51.020  TOP
        TOTAL         0 VIA(S)                           51.020  mils
 - - - - - - - - - - - - - - - - - - - - - - - - - - - - - - - - - - - - - - -  
 TBTB_SBU1
                   U290.M10*        765.513  893.512 L    0.000  
                   VIA              765.513  893.512 V    0.000  TOP
|------------------------------------------------------------------------------|
|                             ECL  LOADING  REPORT                             |
|                                                                    Page   9  |
|------------------------------------------------------------------------------|
|  C:/1/NSD549-SCH1017-18.brd                                                  |
|  dimensions in mils                                Mon Oct 19 09:46:26 2020  |
|------------------------------------------------------------------------------|
|                   refdes                                                     |
|  net name         pinid               x        y       length   layer        |
|- - - - - - - - - - - - - - - - - - - - - - - - - - - - - - - - - - - - - - - |
                   VIA              765.513  893.512 V    0.000  TOP
                   VIA              660.100  484.000 V  499.791  L3
                   VIA              660.100  484.000 V  499.791  TOP
                   U203.D1*         660.100  484.000 L  499.791  TOP
        TOTAL         4 VIA(S)                          499.791  mils
 - - - - - - - - - - - - - - - - - - - - - - - - - - - - - - - - - - - - - - -  
 TBTB_SBU2
                   U290.L10*        765.513  875.402 L    0.000  
                   VIA              765.513  875.402 V    0.000  TOP
                   VIA              765.513  875.402 V    0.000  TOP
                   VIA              660.100  499.700 V  473.082  L3
                   VIA              660.100  499.700 V  473.082  TOP
                   U203.D2*         660.100  499.700 L  473.082  TOP
        TOTAL         4 VIA(S)                          473.082  mils
 - - - - - - - - - - - - - - - - - - - - - - - - - - - - - - - - - - - - - - -  
 TBTB_SBU1_CONN
                   JGFCA1.A8*       201.772  739.764 L    0.000  
                   VIA              233.242  739.759 V   31.470  TOP
                   VIA              233.242  739.759 V   31.470  TOP
                   VIA(T)           346.742  742.789 V  146.225  L3
                   VIA              346.742  742.789 V  146.225  TOP
                   TP136.1*         346.745  742.790 L  146.228  TOP
                   VIA              346.742  742.789 V  146.228  TOP
                   VIA              346.742  742.789 V  146.228  TOP
                   VIA              364.000  764.400 V  174.987  L5
                   VIA              364.000  779.700 V  190.287  L8
                   VIA              364.000  779.700 V  190.287  TOP
                   VIA              633.000  468.500 V  757.936  L10
                   VIA              633.000  468.500 V  757.936  TOP
                   VIA              633.000  454.300 V  772.136  L8
                   VIA              633.000  468.500 V  786.336  L5
                   VIA              633.000  468.500 V  786.336  TOP
                   VIA              633.000  468.500 V  786.336  TOP
                   VIA              633.000  468.500 V  786.336  TOP
                   U203.B1*         628.600  484.000 L  806.102  TOP
        TOTAL        16 VIA(S)                          806.102  mils
 - - - - - - - - - - - - - - - - - - - - - - - - - - - - - - - - - - - - - - -  
 TBTB_SBU2_CONN
                   TP151.1*         346.745  802.790 L    0.000  
                   VIA              359.916  795.415 V   16.226  BOTTOM
                   VIA              359.916  795.415 V   16.226  TOP
                   VIA(T)           359.916  795.415 V   16.226  TOP
                   VIA              359.916  795.415 V   16.226  TOP
                   VIA              233.242  798.819 V  146.117  L8
                   VIA              233.242  798.819 V  146.117  TOP
                   VIA              233.242  798.819 V  146.117  TOP
|------------------------------------------------------------------------------|
|                             ECL  LOADING  REPORT                             |
|                                                                    Page  10  |
|------------------------------------------------------------------------------|
|  C:/1/NSD549-SCH1017-18.brd                                                  |
|  dimensions in mils                                Mon Oct 19 09:46:26 2020  |
|------------------------------------------------------------------------------|
|                   refdes                                                     |
|  net name         pinid               x        y       length   layer        |
|- - - - - - - - - - - - - - - - - - - - - - - - - - - - - - - - - - - - - - - |
                   VIA              233.242  798.819 V  146.117  TOP
                   JGFCA1.B8*       201.772  798.820 L  177.587  TOP
                   VIA              609.889  468.500 V  736.950  L10
                   VIA              609.889  468.500 V  736.950  TOP
                   VIA              609.889  454.500 V  750.950  L8
                   VIA              609.889  468.500 V  764.950  L5
                   VIA              609.889  468.500 V  764.950  TOP
                   VIA              609.889  468.500 V  764.950  TOP
                   VIA              609.889  468.500 V  764.950  TOP
                   U203.A1*         612.900  484.000 L  784.141  TOP
        TOTAL        15 VIA(S)                          784.141  mils
 - - - - - - - - - - - - - - - - - - - - - - - - - - - - - - - - - - - - - - -  
 TBTB_TX1N
                   R3602.1*         523.505  842.300 L    0.000  
                   U290.G11*        747.403  802.961 L  248.304  TOP
        TOTAL         0 VIA(S)                          248.304  mils
 - - - - - - - - - - - - - - - - - - - - - - - - - - - - - - - - - - - - - - -  
 TBTB_TX1N_R
                   C3020.1*         456.005  843.800 L    0.000  
                   D349.1           478.505  844.500 L   26.057  TOP
                   R3602.2*         500.505  842.300 L   51.648  TOP
        TOTAL         0 VIA(S)                           51.648  mils
 - - - - - - - - - - - - - - - - - - - - - - - - - - - - - - - - - - - - - - -  
 TBTB_TX1P
                   R3601.1*         523.405  863.400 L    0.000  
                   U290.G12*        729.293  802.961 L  248.978  TOP
        TOTAL         0 VIA(S)                          248.978  mils
 - - - - - - - - - - - - - - - - - - - - - - - - - - - - - - - - - - - - - - -  
 TBTB_TX1P_R
                   C3019.1*         456.405  864.500 L    0.000  
                   D348.1           478.505  862.400 L   25.180  TOP
                   R3601.2*         500.405  863.400 L   50.262  TOP
        TOTAL         0 VIA(S)                           50.262  mils
 - - - - - - - - - - - - - - - - - - - - - - - - - - - - - - - - - - - - - - -  
 TBTB_TX2N
                   U290.E11*        747.403  766.741 L    0.000  
                   VIA              747.403  766.741 V    0.000  TOP
                   VIA              747.403  766.741 V    0.000  TOP
                   VIA              747.403  766.741 V    0.000  TOP
                   VIA              747.403  766.741 V    0.000  TOP
                   VIA              750.000  752.200 V   15.531  L5
                   VIA              747.403  766.741 V   31.062  L8
                   VIA              747.403  766.741 V   31.062  TOP
                   VIA              747.403  766.741 V   31.062  TOP
                   VIA              747.403  766.741 V   31.062  TOP
                   R3613.1*         520.405  698.200 L  313.884  BOTTOM
|------------------------------------------------------------------------------|
|                             ECL  LOADING  REPORT                             |
|                                                                    Page  11  |
|------------------------------------------------------------------------------|
|  C:/1/NSD549-SCH1017-18.brd                                                  |
|  dimensions in mils                                Mon Oct 19 09:46:26 2020  |
|------------------------------------------------------------------------------|
|                   refdes                                                     |
|  net name         pinid               x        y       length   layer        |
|- - - - - - - - - - - - - - - - - - - - - - - - - - - - - - - - - - - - - - - |
        TOTAL         9 VIA(S)                          313.884  mils
 - - - - - - - - - - - - - - - - - - - - - - - - - - - - - - - - - - - - - - -  
 TBTB_TX2N_C
                   JGFCA1.B3*       201.772  700.394 L    0.000  
                   VIA              233.142  700.389 V   31.370  TOP
                   VIA              233.142  700.389 V   31.370  TOP
                   VIA              346.742  702.789 V  149.245  L10
                   VIA              346.742  702.789 V  149.245  TOP
                   TP146.1          346.745  702.790 L  149.248  TOP
                   R3611.2          410.105  698.400 L  217.258  BOTTOM
                   C3021.1*         431.305  698.100 L  242.049  BOTTOM
        TOTAL         4 VIA(S)                          242.049  mils
 - - - - - - - - - - - - - - - - - - - - - - - - - - - - - - - - - - - - - - -  
 TBTB_TX2N_R
                   C3021.2*         454.305  698.100 L    0.000  
                   D362.1           476.205  696.800 L   25.252  BOTTOM
                   R3613.2*         497.405  698.200 L   49.838  BOTTOM
        TOTAL         0 VIA(S)                           49.838  mils
 - - - - - - - - - - - - - - - - - - - - - - - - - - - - - - - - - - - - - - -  
 TBTB_TX2P
                   U290.E12*        729.293  766.741 L    0.000  
                   VIA              729.293  766.741 V    0.000  TOP
                   VIA              729.293  766.741 V    0.000  TOP
                   VIA              729.293  766.741 V    0.000  TOP
                   VIA              729.293  766.741 V    0.000  TOP
                   VIA              727.400  751.200 V   16.239  L5
                   VIA              729.293  766.741 V   32.478  L8
                   VIA              729.293  766.741 V   32.478  TOP
                   VIA              729.293  766.741 V   32.478  TOP
                   VIA              729.293  766.741 V   32.478  TOP
                   R3614.1*         520.505  677.100 L  310.863  BOTTOM
        TOTAL         9 VIA(S)                          310.863  mils
 - - - - - - - - - - - - - - - - - - - - - - - - - - - - - - - - - - - - - - -  
 TBTB_TX2P_R
                   C3022.2*         454.105  677.900 L    0.000  
                   D363.1           476.205  678.700 L   25.282  BOTTOM
                   R3614.2*         497.505  677.100 L   50.036  BOTTOM
        TOTAL         0 VIA(S)                           50.036  mils
 - - - - - - - - - - - - - - - - - - - - - - - - - - - - - - - - - - - - - - -  
 TBT_LSX1_RXD
                   JTBTA_LS.11*    1051.771  336.467 L    0.000  
                   VIA             1040.400  301.800 V   39.377  TOP
                   VIA             1040.400  301.800 V   39.377  TOP
                   VIA              795.068  923.200 V 1204.040  L3
                   VIA              795.068  923.200 V 1204.040  TOP
                   U290.L7*         819.844  875.402 L 1262.101  TOP
|------------------------------------------------------------------------------|
|                             ECL  LOADING  REPORT                             |
|                                                                    Page  12  |
|------------------------------------------------------------------------------|
|  C:/1/NSD549-SCH1017-18.brd                                                  |
|  dimensions in mils                                Mon Oct 19 09:46:26 2020  |
|------------------------------------------------------------------------------|
|                   refdes                                                     |
|  net name         pinid               x        y       length   layer        |
|- - - - - - - - - - - - - - - - - - - - - - - - - - - - - - - - - - - - - - - |
        TOTAL         4 VIA(S)                         1262.101  mils
 - - - - - - - - - - - - - - - - - - - - - - - - - - - - - - - - - - - - - - -  
 TBT_LSX1_TXD
                   U290.M7*         819.844  893.512 L    0.000  
                   VIA              808.318  920.748 V   32.010  TOP
                   VIA              808.318  920.748 V   32.010  TOP
                   VIA             1040.000  317.700 V 1155.996  L3
                   VIA             1040.000  317.700 V 1155.996  TOP
                   JTBTA_LS.9*     1037.992  336.467 L 1175.595  TOP
        TOTAL         4 VIA(S)                         1175.595  mils
 - - - - - - - - - - - - - - - - - - - - - - - - - - - - - - - - - - - - - - -  
 TCP1_AUXN
                   JTBTA_LS.17*    1093.110  336.467 L    0.000  
                   VIA             1093.110  336.467 V    0.000  TOP
                   VIA             1093.110  336.467 V    0.000  TOP
                   VIA              801.734  893.512 V  975.395  L3
                   VIA              801.734  893.512 V  975.395  TOP
                   U290.M8*         801.734  893.512 L  975.395  TOP
        TOTAL         4 VIA(S)                          975.395  mils
 - - - - - - - - - - - - - - - - - - - - - - - - - - - - - - - - - - - - - - -  
 TCP1_AUXP
                   U290.L8*         801.734  875.402 L    0.000  
                   VIA              801.734  875.402 V    0.000  TOP
                   VIA              801.734  875.402 V    0.000  TOP
                   VIA             1079.330  336.467 V  974.579  L3
                   VIA             1079.330  336.467 V  974.579  TOP
                   JTBTA_LS.15*    1079.330  336.467 L  974.579  TOP
        TOTAL         4 VIA(S)                          974.579  mils
 - - - - - - - - - - - - - - - - - - - - - - - - - - - - - - - - - - - - - - -  
 TCP1_TXRX_N0
                   C8940.1*        1007.300  824.000 L    0.000  
                   JTBTA_HS.8*     1210.861  843.701 L  214.377  TOP
        TOTAL         0 VIA(S)                          214.377  mils
 - - - - - - - - - - - - - - - - - - - - - - - - - - - - - - - - - - - - - - -  
 TCP1_TXRX_N1
                   JTBTA_HS.3*     1210.861  764.961 L    0.000  
                   C8944.1*        1006.800  761.500 L  207.170  TOP
        TOTAL         0 VIA(S)                          207.170  mils
 - - - - - - - - - - - - - - - - - - - - - - - - - - - - - - - - - - - - - - -  
 TCP1_TXRX_N0_C
                   C8940.2*         984.300  824.000 L    0.000  
                   U290.G2*         910.395  802.961 L   81.353  TOP
        TOTAL         0 VIA(S)                           81.353  mils
 - - - - - - - - - - - - - - - - - - - - - - - - - - - - - - - - - - - - - - -  
 TCP1_TXRX_N1_C
                   C8944.2*         983.800  761.500 L    0.000  
|------------------------------------------------------------------------------|
|                             ECL  LOADING  REPORT                             |
|                                                                    Page  13  |
|------------------------------------------------------------------------------|
|  C:/1/NSD549-SCH1017-18.brd                                                  |
|  dimensions in mils                                Mon Oct 19 09:46:26 2020  |
|------------------------------------------------------------------------------|
|                   refdes                                                     |
|  net name         pinid               x        y       length   layer        |
|- - - - - - - - - - - - - - - - - - - - - - - - - - - - - - - - - - - - - - - |
                   U290.E2*         910.395  766.741 L   80.053  TOP
        TOTAL         0 VIA(S)                           80.053  mils
 - - - - - - - - - - - - - - - - - - - - - - - - - - - - - - - - - - - - - - -  
 TCP1_TXRX_P0
                   C8939.1*        1007.300  803.000 L    0.000  
                   JTBTA_HS.7*     1210.861  827.953 L  214.377  TOP
        TOTAL         0 VIA(S)                          214.377  mils
 - - - - - - - - - - - - - - - - - - - - - - - - - - - - - - - - - - - - - - -  
 TCP1_TXRX_P1
                   JTBTA_HS.4*     1210.861  780.709 L    0.000  
                   C8943.1*        1006.800  782.500 L  206.601  TOP
        TOTAL         0 VIA(S)                          206.601  mils
 - - - - - - - - - - - - - - - - - - - - - - - - - - - - - - - - - - - - - - -  
 TCP1_TXRX_P0_C
                   C8939.2*         984.300  803.000 L    0.000  
                   U290.G1*         928.505  802.961 L   79.852  TOP
        TOTAL         0 VIA(S)                           79.852  mils
 - - - - - - - - - - - - - - - - - - - - - - - - - - - - - - - - - - - - - - -  
 TCP1_TXRX_P1_C
                   C8943.2*         983.800  782.500 L    0.000  
                   U290.E1*         928.505  766.741 L   80.633  TOP
        TOTAL         0 VIA(S)                           80.633  mils
 - - - - - - - - - - - - - - - - - - - - - - - - - - - - - - - - - - - - - - -  
 TCP1_TX_N0
                   JTBTA_HS.10*    1210.861  875.198 L    0.000  
                   C8938.1*        1007.700  869.500 L  213.343  TOP
        TOTAL         0 VIA(S)                          213.343  mils
 - - - - - - - - - - - - - - - - - - - - - - - - - - - - - - - - - - - - - - -  
 TCP1_TX_N1
                   C8942.1*        1006.600  712.200 L    0.000  
                   JTBTA_HS.1*     1210.861  733.465 L  212.998  TOP
        TOTAL         0 VIA(S)                          212.998  mils
 - - - - - - - - - - - - - - - - - - - - - - - - - - - - - - - - - - - - - - -  
 TCP1_TX_N0_C
                   C8938.2*         984.700  869.500 L    0.000  
                   U290.J2*         910.395  839.182 L   85.088  TOP
        TOTAL         0 VIA(S)                           85.088  mils
 - - - - - - - - - - - - - - - - - - - - - - - - - - - - - - - - - - - - - - -  
 TCP1_TX_N1_C
                   C8942.2*         983.600  712.200 L    0.000  
                   U290.C2*         910.395  730.520 L   79.035  TOP
        TOTAL         0 VIA(S)                           79.035  mils
 - - - - - - - - - - - - - - - - - - - - - - - - - - - - - - - - - - - - - - -  
 TCP1_TX_P0
                   JTBTA_HS.9*     1210.861  859.449 L    0.000  
                   C8937.1*        1007.500  849.300 L  213.271  TOP
|------------------------------------------------------------------------------|
|                             ECL  LOADING  REPORT                             |
|                                                                    Page  14  |
|------------------------------------------------------------------------------|
|  C:/1/NSD549-SCH1017-18.brd                                                  |
|  dimensions in mils                                Mon Oct 19 09:46:26 2020  |
|------------------------------------------------------------------------------|
|                   refdes                                                     |
|  net name         pinid               x        y       length   layer        |
|- - - - - - - - - - - - - - - - - - - - - - - - - - - - - - - - - - - - - - - |
        TOTAL         0 VIA(S)                          213.271  mils
 - - - - - - - - - - - - - - - - - - - - - - - - - - - - - - - - - - - - - - -  
 TCP1_TX_P1
                   C8941.1*        1006.600  732.700 L    0.000  
                   JTBTA_HS.2*     1210.861  749.213 L  212.998  TOP
        TOTAL         0 VIA(S)                          212.998  mils
 - - - - - - - - - - - - - - - - - - - - - - - - - - - - - - - - - - - - - - -  
 TCP1_TX_P0_C
                   C8937.2*         984.500  849.300 L    0.000  
                   U290.J1*         928.505  839.182 L   84.488  TOP
        TOTAL         0 VIA(S)                           84.488  mils
 - - - - - - - - - - - - - - - - - - - - - - - - - - - - - - - - - - - - - - -  
 TCP1_TX_P1_C
                   C8941.2*         983.600  732.700 L    0.000  
                   U290.C1*         928.505  730.520 L   76.091  TOP
        TOTAL         0 VIA(S)                           76.091  mils
 - - - - - - - - - - - - - - - - - - - - - - - - - - - - - - - - - - - - - - -  
 VCC0P9_LC_TBTB
                   C8997.2*         880.080  845.087 L    0.000  
                   VIA              880.080  845.087 V    0.000  TOP
                   VIA              880.080  845.087 V    0.000  TOP
                   VIA              880.080  845.087 V    0.000  TOP
                   VIA              880.080  845.087 V    0.000  TOP
                   VIA              893.800  849.900 V   15.714  L8
                   VIA              880.080  845.087 V   31.428  L5
                   VIA              880.080  845.087 V   31.428  TOP
                   VIA              880.080  845.087 V   31.428  TOP
                   VIA              880.080  845.087 V   31.428  TOP
                   U290.J3*         880.080  845.087 L   31.428  TOP
        TOTAL         9 VIA(S)                           31.428  mils
 - - - - - - - - - - - - - - - - - - - - - - - - - - - - - - - - - - - - - - -  
 VCC3B
                   JTBTA_LS.20*    1106.889  415.503 L    0.000  
                   R10145.2*        728.918  602.248 L  530.785  TOP
        TOTAL         0 VIA(S)                          530.785  mils
 - - - - - - - - - - - - - - - - - - - - - - - - - - - - - - - - - - - - - - -  
 VCC3P3_ANA_TBTB
                   C8995.2*         910.395  875.402 L    0.000  
                   VIA              910.395  875.402 V    0.000  TOP
                   VIA              910.395  875.402 V    0.000  TOP
                   VIA              910.395  875.402 V    0.000  TOP
                   VIA              910.395  875.402 V    0.000  TOP
                   VIA              910.395  889.500 V   14.098  L8
                   VIA              910.395  875.402 V   28.196  L5
                   VIA              910.395  875.402 V   28.196  TOP
                   VIA              910.395  875.402 V   28.196  TOP
|------------------------------------------------------------------------------|
|                             ECL  LOADING  REPORT                             |
|                                                                    Page  15  |
|------------------------------------------------------------------------------|
|  C:/1/NSD549-SCH1017-18.brd                                                  |
|  dimensions in mils                                Mon Oct 19 09:46:26 2020  |
|------------------------------------------------------------------------------|
|                   refdes                                                     |
|  net name         pinid               x        y       length   layer        |
|- - - - - - - - - - - - - - - - - - - - - - - - - - - - - - - - - - - - - - - |
                   VIA              910.395  875.402 V   28.196  TOP
                   U290.L2*         910.395  875.402 L   28.196  TOP
        TOTAL         9 VIA(S)                           28.196  mils
 - - - - - - - - - - - - - - - - - - - - - - - - - - - - - - - - - - - - - - -  
 VCC3P3_LC_TBTB
                   R10154.1*        884.659  600.527 L    0.000  
                   R10155.1         907.439  600.527 L   22.780  TOP
                   R10153.1         929.219  600.527 L   44.560  TOP
                   R10152.1         951.018  600.548 L   66.368  TOP
                   VIA              951.018  600.548 V   66.368  TOP
                   VIA              951.018  600.548 V   66.368  TOP
                   VIA              951.018  600.548 V   66.368  TOP
                   VIA              951.018  600.548 V   66.368  TOP
                   VIA              951.018  615.200 V   81.020  L5
                   VIA(T)           855.800  755.520 V  260.781  L8
                   VIA              841.695  755.520 V  274.886  L5
                   VIA              841.695  755.520 V  274.886  TOP
                   VIA              841.695  755.520 V  274.886  TOP
                   VIA              841.695  755.520 V  274.886  TOP
                   U290.E5*         854.490  768.315 L  292.981  TOP
                   VIA              841.695  755.520 V  307.086  L8
                   VIA              841.695  755.520 V  307.086  TOP
                   VIA              841.695  755.520 V  307.086  TOP
                   VIA              841.695  755.520 V  307.086  TOP
                   C8996.2*         841.695  736.020 L  326.586  BOTTOM
        TOTAL        14 VIA(S)                          326.586  mils
 - - - - - - - - - - - - - - - - - - - - - - - - - - - - - - - - - - - - - - -  
 VCC3_LDO_PD
                   JTBTA_LS.22*    1120.669  415.503 L    0.000  
                   VIA             1122.925  439.625 V   25.056  TOP
                   VIA             1122.925  439.625 V   25.056  TOP
                   VIA             1122.925  439.625 V   25.056  TOP
                   VIA             1122.925  439.625 V   25.056  TOP
                   VIA             1133.500  449.900 V   39.887  L5
                   VIA              674.700  582.300 V  807.209  L8
                   VIA              660.400  578.200 V  823.207  L5
                   VIA              660.400  578.200 V  823.207  TOP
                   VIA              660.400  578.200 V  823.207  TOP
                   VIA              660.400  578.200 V  823.207  TOP
                   C3225.2          649.200  559.600 L  846.446  TOP
                   R3189.2*         628.200  560.200 L  867.695  TOP
                   U203.C4*         644.400  531.200 L  898.083  TOP
        TOTAL        10 VIA(S)                          898.083  mils
 - - - - - - - - - - - - - - - - - - - - - - - - - - - - - - - - - - - - - - -  
 VCC5M
                   JTBTA_LS.13*    1065.551  336.467 L    0.000  
|------------------------------------------------------------------------------|
|                             ECL  LOADING  REPORT                             |
|                                                                    Page  16  |
|------------------------------------------------------------------------------|
|  C:/1/NSD549-SCH1017-18.brd                                                  |
|  dimensions in mils                                Mon Oct 19 09:46:26 2020  |
|------------------------------------------------------------------------------|
|                   refdes                                                     |
|  net name         pinid               x        y       length   layer        |
|- - - - - - - - - - - - - - - - - - - - - - - - - - - - - - - - - - - - - - - |
                   VIA             1065.551  336.467 V    0.000  TOP
                   VIA             1065.551  336.467 V    0.000  TOP
                   VIA             1065.551  336.467 V    0.000  TOP
                   VIA             1065.551  336.467 V    0.000  TOP
                   VIA             1065.551  360.600 V   24.133  L5
                   VIA             1065.551  376.100 V   39.633  L8
                   VIA             1065.551  376.100 V   39.633  TOP
                   VIA              215.200 1834.980 V 2348.386  L10
                   VIA              215.200 1834.980 V 2348.386  TOP
                   LED1.2*          215.200 1834.980 L 2348.386  TOP
        TOTAL         9 VIA(S)                         2348.386  mils
 - - - - - - - - - - - - - - - - - - - - - - - - - - - - - - - - - - - - - - -  
|------------------------------------------------------------------------------|
|   End of ECL Loading Report                                                  |
|   total path length all ECL nets = 30133.188 mils                            |
|------------------------------------------------------------------------------|
