|------------------------------------------------------------------------------|
|                             ECL  LOADING  REPORT                             |
|                                                                    Page   1  |
|------------------------------------------------------------------------------|
|  C:/1/D545R01-IOB-0929.brd                                                   |
|  dimensions in mils                                Wed Sep 30 14:13:20 2020  |
|------------------------------------------------------------------------------|
|                   refdes                                                     |
|  net name         pinid               x        y       length   layer        |
|- - - - - - - - - - - - - - - - - - - - - - - - - - - - - - - - - - - - - - - |
 -I2C3_INT_PD
                   U290.A10*        765.513  694.300 L    0.000  
                   VIA              764.500  694.300 V    1.013  TOP
                   VIA              764.500  694.300 V    1.013  TOP
                   VIA              980.100  454.200 V  453.547  LAY3
                   VIA              980.100  454.200 V  453.547  TOP
                   JTBTA_LS.8*     1024.212  415.503 L  527.504  TOP
        TOTAL         4 VIA(S)                          527.504  mils
 - - - - - - - - - - - - - - - - - - - - - - - - - - - - - - - - - - - - - - -  
 -LED_PWR_R
                   JTBTA_LS.24*    1134.448  415.503 L    0.000  
                   VIA             1134.448  415.503 V    0.000  TOP
                   VIA             1134.448  415.503 V    0.000  TOP
                   VIA             1134.448  415.503 V    0.000  TOP
                   VIA             1134.448  415.503 V    0.000  TOP
                   VIA              279.700 1801.700 V 2233.793  LAY05
                   VIA              279.700 1801.700 V 2233.793  TOP
                   VIA              279.700 1801.700 V 2233.793  TOP
                   VIA              279.700 1801.700 V 2233.793  TOP
                   VIA              279.700 1801.700 V 2233.793  TOP
                   VIA              279.700 1801.700 V 2233.793  TOP
                   VIA              279.700 1801.700 V 2233.793  TOP
                   R11213.1*        279.700 1801.700 L 2233.793  TOP
        TOTAL        11 VIA(S)                         2233.793  mils
 - - - - - - - - - - - - - - - - - - - - - - - - - - - - - - - - - - - - - - -  
 -PWRSWITCH
                   JTBTA_LS.19*    1106.889  336.467 L    0.000  
                   VIA             1106.889  336.467 V    0.000  TOP
                   VIA             1106.889  336.467 V    0.000  TOP
                   VIA             1106.889  336.467 V    0.000  TOP
                   VIA             1106.889  336.467 V    0.000  TOP
                   VIA              282.100 1431.300 V 1863.982  LAY05
                   VIA              282.100 1431.300 V 1863.982  TOP
                   VIA              282.100 1431.300 V 1863.982  TOP
                   VIA              282.100 1431.300 V 1863.982  TOP
                   VIA              282.100 1431.300 V 1863.982  TOP
                   VIA              282.100 1431.300 V 1863.982  TOP
                   VIA              282.100 1431.300 V 1863.982  TOP
                   C10215.1         282.100 1431.300 L 1863.982  TOP
                   SW1.1*           267.000 1536.000 L 1994.018  BOTTOM
        TOTAL        11 VIA(S)                         1994.018  mils
 - - - - - - - - - - - - - - - - - - - - - - - - - - - - - - - - - - - - - - -  
 -RT_B_RESET
                   U290.L11*        747.403  875.402 L    0.000  
                   VIA              761.205  860.200 V   20.919  TOP
                   VIA              761.205  860.200 V   20.919  TOP
|------------------------------------------------------------------------------|
|                             ECL  LOADING  REPORT                             |
|                                                                    Page   2  |
|------------------------------------------------------------------------------|
|  C:/1/D545R01-IOB-0929.brd                                                   |
|  dimensions in mils                                Wed Sep 30 14:13:20 2020  |
|------------------------------------------------------------------------------|
|                   refdes                                                     |
|  net name         pinid               x        y       length   layer        |
|- - - - - - - - - - - - - - - - - - - - - - - - - - - - - - - - - - - - - - - |
                   VIA             1051.771  433.003 V  924.861  LAY3
                   VIA             1051.771  433.003 V  924.861  TOP
                   JTBTA_LS.12*    1051.771  415.503 L  942.361  TOP
        TOTAL         4 VIA(S)                          942.361  mils
 - - - - - - - - - - - - - - - - - - - - - - - - - - - - - - - - - - - - - - -  
 -RT_PERST
                   U290.B8*         801.734  712.410 L    0.000  
                   VIA              788.218  674.748 V   43.963  TOP
                   VIA              788.218  674.748 V   43.963  TOP
                   VIA              742.300  543.700 V  194.031  LAY3
                   VIA              742.300  543.700 V  194.031  TOP
                   JTBTA_LS.10*    1037.992  415.503 L  563.974  TOP
        TOTAL         4 VIA(S)                          563.974  mils
 - - - - - - - - - - - - - - - - - - - - - - - - - - - - - - - - - - - - - - -  
 -RT_SPI_CS
                   U290.B6*         837.954  712.410 L    0.000  
                   VIA              837.954  712.410 V    0.000  TOP
                   VIA              837.954  712.410 V    0.000  TOP
                   VIA              692.800  378.800 V  423.069  LAY3
                   VIA              692.800  378.800 V  423.069  TOP
                   R10076.1         692.800  378.800 L  423.069  TOP
                   TP1815.1         648.300  400.500 L  476.557  TOP
                   U184.1*          600.100  350.700 L  546.322  TOP
        TOTAL         4 VIA(S)                          546.322  mils
 - - - - - - - - - - - - - - - - - - - - - - - - - - - - - - - - - - - - - - -  
 I2C3_CLK_PD
                   U290.C9*         777.718  742.725 L    0.000  
                   VIA              777.718  742.725 V    0.000  TOP
                   VIA              777.718  742.725 V    0.000  TOP
                   VIA              996.653  433.800 V  535.401  LAY3
                   VIA              996.653  433.800 V  535.401  TOP
                   JTBTA_LS.4*      996.653  415.503 L  553.698  TOP
        TOTAL         4 VIA(S)                          553.698  mils
 - - - - - - - - - - - - - - - - - - - - - - - - - - - - - - - - - - - - - - -  
 I2C3_DATA_PD
                   U290.E7*         803.308  768.315 L    0.000  
                   VIA              803.308  768.315 V    0.000  TOP
                   VIA              803.308  768.315 V    0.000  TOP
                   VIA             1010.433  435.000 V  529.392  LAY3
                   VIA             1010.433  435.000 V  529.392  TOP
                   JTBTA_LS.6*     1010.433  415.503 L  548.889  TOP
        TOTAL         4 VIA(S)                          548.889  mils
 - - - - - - - - - - - - - - - - - - - - - - - - - - - - - - - - - - - - - - -  
 N23368023
                   R3189.1*         605.200  560.200 L    0.000  
                   U203.B4*         628.600  531.200 L   38.693  TOP
|------------------------------------------------------------------------------|
|                             ECL  LOADING  REPORT                             |
|                                                                    Page   3  |
|------------------------------------------------------------------------------|
|  C:/1/D545R01-IOB-0929.brd                                                   |
|  dimensions in mils                                Wed Sep 30 14:13:20 2020  |
|------------------------------------------------------------------------------|
|                   refdes                                                     |
|  net name         pinid               x        y       length   layer        |
|- - - - - - - - - - - - - - - - - - - - - - - - - - - - - - - - - - - - - - - |
        TOTAL         0 VIA(S)                           38.693  mils
 - - - - - - - - - - - - - - - - - - - - - - - - - - - - - - - - - - - - - - -  
 N23368125
                   C3224.2*         577.500  531.400 L    0.000  
                   U203.A4*         612.900  531.200 L   35.483  TOP
        TOTAL         0 VIA(S)                           35.483  mils
 - - - - - - - - - - - - - - - - - - - - - - - - - - - - - - - - - - - - - - -  
 N23381465
                   LED1.1*          215.200 1795.600 L    0.000  
                   R11213.2*        256.700 1801.700 L   44.027  BOTTOM
        TOTAL         0 VIA(S)                           44.027  mils
 - - - - - - - - - - - - - - - - - - - - - - - - - - - - - - - - - - - - - - -  
 N23383257
                   U290.A4*         874.175  694.300 L    0.000  
                   R10144.1         862.618  623.448 L   75.639  TOP
                   R11151.1*        840.918  623.848 L   97.505  TOP
        TOTAL         0 VIA(S)                           97.505  mils
 - - - - - - - - - - - - - - - - - - - - - - - - - - - - - - - - - - - - - - -  
 N151138120
                   U290.L4*         874.175  875.402 L    0.000  
                   VIA              874.018  861.902 V   13.501  TOP
                   VIA              874.018  861.902 V   13.501  TOP
                   VIA              874.018  861.902 V   13.501  TOP
                   VIA              874.018  861.902 V   13.501  TOP
                   VIA              874.018  861.902 V   13.501  TOP
                   VIA              874.018  861.902 V   13.501  TOP
                   VIA              874.018  861.902 V   13.501  TOP
                   VIA              874.018  861.902 V   13.501  TOP
                   VIA              874.018  861.902 V   13.501  TOP
                   VIA              874.018  861.902 V   13.501  TOP
                   VIA              874.018  861.902 V   13.501  TOP
                   R10074.1*        879.064  875.402 L   29.091  BOTTOM
        TOTAL        11 VIA(S)                           29.091  mils
 - - - - - - - - - - - - - - - - - - - - - - - - - - - - - - - - - - - - - - -  
 N151138161
                   R10074.2*        856.064  875.402 L    0.000  
                   VIA              856.064  875.402 V    0.000  TOP
                   VIA              856.064  875.402 V    0.000  TOP
                   VIA              856.064  875.402 V    0.000  TOP
                   VIA              856.064  875.402 V    0.000  TOP
                   VIA              856.064  875.402 V    0.000  TOP
                   VIA              856.064  875.402 V    0.000  TOP
                   VIA              856.064  875.402 V    0.000  TOP
                   VIA              856.064  875.402 V    0.000  TOP
                   VIA              856.064  875.402 V    0.000  TOP
                   VIA              856.064  875.402 V    0.000  TOP
|------------------------------------------------------------------------------|
|                             ECL  LOADING  REPORT                             |
|                                                                    Page   4  |
|------------------------------------------------------------------------------|
|  C:/1/D545R01-IOB-0929.brd                                                   |
|  dimensions in mils                                Wed Sep 30 14:13:20 2020  |
|------------------------------------------------------------------------------|
|                   refdes                                                     |
|  net name         pinid               x        y       length   layer        |
|- - - - - - - - - - - - - - - - - - - - - - - - - - - - - - - - - - - - - - - |
                   VIA              856.064  875.402 V    0.000  TOP
                   U290.L5*         856.064  875.402 L    0.000  TOP
        TOTAL        11 VIA(S)                            0.000  mils
 - - - - - - - - - - - - - - - - - - - - - - - - - - - - - - - - - - - - - - -  
 N151140795
                   C8946.1*         725.798 1050.781 L    0.000  
                   Y12.1            741.498 1016.285 L   40.999  TOP
                   R10079.1*        773.388 1010.631 L   75.231  TOP
        TOTAL         0 VIA(S)                           75.231  mils
 - - - - - - - - - - - - - - - - - - - - - - - - - - - - - - - - - - - - - - -  
 N151484425
                   U290.A6*         837.954  694.300 L    0.000  
                   R10142.1         772.339  625.727 L  107.326  TOP
                   R10147.2*        750.759  625.527 L  129.652  TOP
        TOTAL         0 VIA(S)                          129.652  mils
 - - - - - - - - - - - - - - - - - - - - - - - - - - - - - - - - - - - - - - -  
 N151484427
                   R10143.1*        795.519  625.727 L    0.000  
                   R10148.2         817.999  625.527 L   23.226  TOP
                   U290.A5*         856.064  694.300 L  107.766  TOP
        TOTAL         0 VIA(S)                          107.766  mils
 - - - - - - - - - - - - - - - - - - - - - - - - - - - - - - - - - - - - - - -  
 N151484453
                   U290.A9*         783.623  694.300 L    0.000  
                   R10146.1*        706.818  625.748 L  131.437  TOP
        TOTAL         0 VIA(S)                          131.437  mils
 - - - - - - - - - - - - - - - - - - - - - - - - - - - - - - - - - - - - - - -  
 N151484455
                   U290.A8*         801.734  694.300 L    0.000  
                   R10145.1*        728.918  625.248 L  121.683  TOP
        TOTAL         0 VIA(S)                          121.683  mils
 - - - - - - - - - - - - - - - - - - - - - - - - - - - - - - - - - - - - - - -  
 N151484465
                   R10151.2*        680.519  625.327 L    0.000  
                   U290.B9*         783.623  712.410 L  173.279  TOP
        TOTAL         0 VIA(S)                          173.279  mils
 - - - - - - - - - - - - - - - - - - - - - - - - - - - - - - - - - - - - - - -  
 N151484806
                   U290.A3*         892.285  694.300 L    0.000  
                   R10152.2*        951.018  623.548 L  107.967  TOP
        TOTAL         0 VIA(S)                          107.967  mils
 - - - - - - - - - - - - - - - - - - - - - - - - - - - - - - - - - - - - - - -  
 N151484818
                   R10153.2*        929.219  623.527 L    0.000  
                   VIA              929.219  623.527 V    0.000  TOP
                   VIA              929.219  623.527 V    0.000  TOP
|------------------------------------------------------------------------------|
|                             ECL  LOADING  REPORT                             |
|                                                                    Page   5  |
|------------------------------------------------------------------------------|
|  C:/1/D545R01-IOB-0929.brd                                                   |
|  dimensions in mils                                Wed Sep 30 14:13:20 2020  |
|------------------------------------------------------------------------------|
|                   refdes                                                     |
|  net name         pinid               x        y       length   layer        |
|- - - - - - - - - - - - - - - - - - - - - - - - - - - - - - - - - - - - - - - |
                   VIA              880.080  742.725 V  158.167  LAY3
                   VIA              880.080  742.725 V  158.167  TOP
                   U290.C3*         880.080  742.725 L  158.167  TOP
        TOTAL         4 VIA(S)                          158.167  mils
 - - - - - - - - - - - - - - - - - - - - - - - - - - - - - - - - - - - - - - -  
 N151484830
                   U290.B5*         856.064  712.410 L    0.000  
                   VIA              856.064  712.410 V    0.000  TOP
                   VIA              856.064  712.410 V    0.000  TOP
                   VIA              881.418  660.348 V   62.564  LAY3
                   VIA              881.418  660.348 V   62.564  TOP
                   R10154.2*        884.659  623.527 L  100.727  TOP
        TOTAL         4 VIA(S)                          100.727  mils
 - - - - - - - - - - - - - - - - - - - - - - - - - - - - - - - - - - - - - - -  
 N151484842
                   R10155.2*        907.439  623.527 L    0.000  
                   VIA              907.439  623.527 V    0.000  TOP
                   VIA              907.439  623.527 V    0.000  TOP
                   VIA              854.490  742.725 V  169.356  LAY3
                   VIA              854.490  742.725 V  169.356  TOP
                   U290.C5*         854.490  742.725 L  169.356  TOP
        TOTAL         4 VIA(S)                          169.356  mils
 - - - - - - - - - - - - - - - - - - - - - - - - - - - - - - - - - - - - - - -  
 N151484909
                   U290.B3*         892.285  712.410 L    0.000  
                   R10156.2*        974.918  623.748 L  135.226  TOP
        TOTAL         0 VIA(S)                          135.226  mils
 - - - - - - - - - - - - - - - - - - - - - - - - - - - - - - - - - - - - - - -  
 N153974920
                   R10077.1*        560.600  285.500 L    0.000  
                   U184.3*          600.100  311.330 L   50.199  TOP
        TOTAL         0 VIA(S)                           50.199  mils
 - - - - - - - - - - - - - - - - - - - - - - - - - - - - - - - - - - - - - - -  
 N153975429
                   R10078.1*        740.400  330.800 L    0.000  
                   U184.7*          706.400  331.010 L   34.087  TOP
        TOTAL         0 VIA(S)                           34.087  mils
 - - - - - - - - - - - - - - - - - - - - - - - - - - - - - - - - - - - - - - -  
 RT_B_XTAL_25_IN
                   C8947.1*         654.882  986.631 L    0.000  
                   Y12.3            686.398  972.985 L   37.168  TOP
                   U290.L9*         783.623  875.402 L  184.054  TOP
        TOTAL         0 VIA(S)                          184.054  mils
 - - - - - - - - - - - - - - - - - - - - - - - - - - - - - - - - - - - - - - -  
 RT_B_XTAL_25_OUT
                   U290.M9*         783.623  893.512 L    0.000  
|------------------------------------------------------------------------------|
|                             ECL  LOADING  REPORT                             |
|                                                                    Page   6  |
|------------------------------------------------------------------------------|
|  C:/1/D545R01-IOB-0929.brd                                                   |
|  dimensions in mils                                Wed Sep 30 14:13:20 2020  |
|------------------------------------------------------------------------------|
|                   refdes                                                     |
|  net name         pinid               x        y       length   layer        |
|- - - - - - - - - - - - - - - - - - - - - - - - - - - - - - - - - - - - - - - |
                   R10079.2*        773.388  987.631 L  112.748  TOP
        TOTAL         0 VIA(S)                          112.748  mils
 - - - - - - - - - - - - - - - - - - - - - - - - - - - - - - - - - - - - - - -  
 RT_FORCE_PWR
                   U290.B10*        765.513  712.410 L    0.000  
                   VIA              765.513  712.410 V    0.000  TOP
                   VIA              765.513  712.410 V    0.000  TOP
                   VIA              982.300  488.700 V  435.911  LAY3
                   VIA              982.300  488.700 V  435.911  TOP
                   JTBTA_LS.14*    1065.551  415.503 L  567.434  TOP
        TOTAL         4 VIA(S)                          567.434  mils
 - - - - - - - - - - - - - - - - - - - - - - - - - - - - - - - - - - - - - - -  
 RT_SPI_CLK
                   U290.C7*         803.308  742.725 L    0.000  
                   VIA              803.308  742.725 V    0.000  TOP
                   VIA              803.308  742.725 V    0.000  TOP
                   VIA              706.400  311.330 V  540.621  LAY3
                   VIA              706.400  311.330 V  540.621  TOP
                   U184.6           706.400  311.330 L  540.621  TOP
                   TP1819.1*        806.700  264.100 L  660.484  TOP
        TOTAL         4 VIA(S)                          660.484  mils
 - - - - - - - - - - - - - - - - - - - - - - - - - - - - - - - - - - - - - - -  
 RT_SPI_MISO
                   U290.B4*         874.175  712.410 L    0.000  
                   VIA              874.175  712.410 V    0.000  TOP
                   VIA              874.175  712.410 V    0.000  TOP
                   VIA              673.300  431.800 V  425.536  LAY3
                   VIA              673.300  431.800 V  425.536  TOP
                   TP1816.1         593.000  416.400 L  512.215  TOP
                   R10075.1         560.900  353.800 L  588.111  TOP
                   U184.2*          600.100  331.010 L  636.751  TOP
        TOTAL         4 VIA(S)                          636.751  mils
 - - - - - - - - - - - - - - - - - - - - - - - - - - - - - - - - - - - - - - -  
 RT_SPI_MOSI
                   U290.C6*         828.899  742.725 L    0.000  
                   VIA              828.899  742.725 V    0.000  TOP
                   VIA              828.899  742.725 V    0.000  TOP
                   VIA              706.400  291.640 V  627.550  LAY3
                   VIA              706.400  291.640 V  627.550  TOP
                   U184.5           706.400  291.640 L  627.550  TOP
                   TP1820.1*        747.800  256.300 L  685.603  TOP
        TOTAL         4 VIA(S)                          685.603  mils
 - - - - - - - - - - - - - - - - - - - - - - - - - - - - - - - - - - - - - - -  
 SML0_CLK
                   U290.A7*         819.844  694.300 L    0.000  
                   VIA              809.018  666.148 V   35.565  TOP
|------------------------------------------------------------------------------|
|                             ECL  LOADING  REPORT                             |
|                                                                    Page   7  |
|------------------------------------------------------------------------------|
|  C:/1/D545R01-IOB-0929.brd                                                   |
|  dimensions in mils                                Wed Sep 30 14:13:20 2020  |
|------------------------------------------------------------------------------|
|                   refdes                                                     |
|  net name         pinid               x        y       length   layer        |
|- - - - - - - - - - - - - - - - - - - - - - - - - - - - - - - - - - - - - - - |
                   VIA              809.018  666.148 V   35.565  TOP
                   VIA              982.874  336.467 V  457.732  LAY3
                   VIA              982.874  336.467 V  457.732  TOP
                   JTBTA_LS.1*      982.874  336.467 L  457.732  TOP
        TOTAL         4 VIA(S)                          457.732  mils
 - - - - - - - - - - - - - - - - - - - - - - - - - - - - - - - - - - - - - - -  
 SML0_DATA
                   U290.B7*         819.844  712.410 L    0.000  
                   VIA              808.718  679.248 V   37.771  TOP
                   VIA              808.718  679.248 V   37.771  TOP
                   VIA              982.874  434.200 V  388.818  LAY3
                   VIA              982.874  434.200 V  388.818  TOP
                   JTBTA_LS.2*      982.874  415.503 L  407.515  TOP
        TOTAL         4 VIA(S)                          407.515  mils
 - - - - - - - - - - - - - - - - - - - - - - - - - - - - - - - - - - - - - - -  
 TBTB_RX1N
                   U290.J11*        747.403  839.182 L    0.000  
                   VIA              747.403  839.182 V    0.000  TOP
                   VIA              747.403  839.182 V    0.000  TOP
                   VIA              747.403  839.182 V    0.000  TOP
                   VIA              747.403  839.182 V    0.000  TOP
                   VIA              747.403  839.182 V    0.000  TOP
                   VIA              747.403  839.182 V    0.000  TOP
                   VIA              747.403  839.182 V    0.000  TOP
                   VIA              747.403  839.182 V    0.000  TOP
                   VIA              747.403  839.182 V    0.000  TOP
                   VIA              747.403  839.182 V    0.000  TOP
                   VIA              747.403  839.182 V    0.000  TOP
                   R3608.1*         670.505  834.700 L   98.330  BOTTOM
        TOTAL        11 VIA(S)                           98.330  mils
 - - - - - - - - - - - - - - - - - - - - - - - - - - - - - - - - - - - - - - -  
 TBTB_RX1N_C
                   J59.B10*         452.756  833.468 L    0.000  
                   VIA              452.756  833.468 V    0.000  TOP
                   VIA              452.756  833.468 V    0.000  TOP
                   VIA              452.756  833.468 V    0.000  TOP
                   VIA              452.756  833.468 V    0.000  TOP
                   VIA              452.756  833.468 V    0.000  TOP
                   VIA              452.756  833.468 V    0.000  TOP
                   VIA              452.756  833.468 V    0.000  TOP
                   VIA              452.756  833.468 V    0.000  TOP
                   VIA              452.756  833.468 V    0.000  TOP
                   VIA              452.756  833.468 V    0.000  TOP
                   VIA              452.756  833.468 V    0.000  TOP
                   T                560.105  835.904    113.434  BOTTOM
                   R3610.2*         560.105  834.500 L  114.838  BOTTOM
|------------------------------------------------------------------------------|
|                             ECL  LOADING  REPORT                             |
|                                                                    Page   8  |
|------------------------------------------------------------------------------|
|  C:/1/D545R01-IOB-0929.brd                                                   |
|  dimensions in mils                                Wed Sep 30 14:13:20 2020  |
|------------------------------------------------------------------------------|
|                   refdes                                                     |
|  net name         pinid               x        y       length   layer        |
|- - - - - - - - - - - - - - - - - - - - - - - - - - - - - - - - - - - - - - - |
                   C3602.1*         580.805  833.400 L  141.634  BOTTOM
        TOTAL        11 VIA(S)                          141.634  mils
 - - - - - - - - - - - - - - - - - - - - - - - - - - - - - - - - - - - - - - -  
 TBTB_RX1N_R
                   C3602.2*         603.805  833.400 L    0.000  
                   T                626.005  837.004     27.872  BOTTOM
                   D357.1*          626.005  836.100 L   28.776  BOTTOM
                   R3608.2*         647.505  834.700 L   55.599  BOTTOM
        TOTAL         0 VIA(S)                           55.599  mils
 - - - - - - - - - - - - - - - - - - - - - - - - - - - - - - - - - - - - - - -  
 TBTB_RX1P
                   U290.J12*        729.293  839.182 L    0.000  
                   VIA              729.293  839.182 V    0.000  TOP
                   VIA              729.293  839.182 V    0.000  TOP
                   VIA              729.293  839.182 V    0.000  TOP
                   VIA              729.293  839.182 V    0.000  TOP
                   VIA              729.293  839.182 V    0.000  TOP
                   VIA              729.293  839.182 V    0.000  TOP
                   VIA              729.293  839.182 V    0.000  TOP
                   VIA              729.293  839.182 V    0.000  TOP
                   VIA              729.293  839.182 V    0.000  TOP
                   VIA              729.293  839.182 V    0.000  TOP
                   VIA              729.293  839.182 V    0.000  TOP
                   R3607.1*         670.505  855.700 L   98.087  BOTTOM
        TOTAL        11 VIA(S)                           98.087  mils
 - - - - - - - - - - - - - - - - - - - - - - - - - - - - - - - - - - - - - - -  
 TBTB_RX1P_C
                   J59.B11*         452.756  853.148 L    0.000  
                   VIA              452.756  853.148 V    0.000  TOP
                   VIA              452.756  853.148 V    0.000  TOP
                   VIA              452.756  853.148 V    0.000  TOP
                   VIA              452.756  853.148 V    0.000  TOP
                   VIA              452.756  853.148 V    0.000  TOP
                   VIA              452.756  853.148 V    0.000  TOP
                   VIA              452.756  853.148 V    0.000  TOP
                   VIA              452.756  853.148 V    0.000  TOP
                   VIA              452.756  853.148 V    0.000  TOP
                   VIA              452.756  853.148 V    0.000  TOP
                   VIA              452.756  853.148 V    0.000  TOP
                   T                560.105  853.996    114.062  BOTTOM
                   R3609.2*         560.105  854.700 L  114.766  BOTTOM
                   C3603.1*         581.205  856.100 L  141.504  BOTTOM
        TOTAL        11 VIA(S)                          141.504  mils
 - - - - - - - - - - - - - - - - - - - - - - - - - - - - - - - - - - - - - - -  
 TBTB_RX1P_R
                   C3603.2*         604.205  856.100 L    0.000  
|------------------------------------------------------------------------------|
|                             ECL  LOADING  REPORT                             |
|                                                                    Page   9  |
|------------------------------------------------------------------------------|
|  C:/1/D545R01-IOB-0929.brd                                                   |
|  dimensions in mils                                Wed Sep 30 14:13:20 2020  |
|------------------------------------------------------------------------------|
|                   refdes                                                     |
|  net name         pinid               x        y       length   layer        |
|- - - - - - - - - - - - - - - - - - - - - - - - - - - - - - - - - - - - - - - |
                   T                625.905  853.496     28.155  BOTTOM
                   D356.1*          625.905  854.100 L   28.759  BOTTOM
                   R3607.2*         647.505  855.700 L   55.697  BOTTOM
        TOTAL         0 VIA(S)                           55.697  mils
 - - - - - - - - - - - - - - - - - - - - - - - - - - - - - - - - - - - - - - -  
 TBTB_RX2N
                   R11045.1*        673.205  707.100 L    0.000  
                   U290.C11*        747.403  730.520 L   99.750  TOP
        TOTAL         0 VIA(S)                           99.750  mils
 - - - - - - - - - - - - - - - - - - - - - - - - - - - - - - - - - - - - - - -  
 TBTB_RX2N_C
                   J59.A10*         503.936  705.508 L    0.000  
                   T                561.505  707.296     62.206  TOP
                   R3603.2*         561.505  707.900 L   62.810  TOP
                   C10093.2*        583.005  709.000 L   91.715  TOP
        TOTAL         0 VIA(S)                           91.715  mils
 - - - - - - - - - - - - - - - - - - - - - - - - - - - - - - - - - - - - - - -  
 TBTB_RX2N_R
                   C10093.1*        606.005  709.000 L    0.000  
                   T                628.605  704.924     29.121  TOP
                   D354.1*          628.605  705.600 L   29.797  TOP
                   R11045.2*        650.205  707.100 L   57.035  TOP
        TOTAL         0 VIA(S)                           57.035  mils
 - - - - - - - - - - - - - - - - - - - - - - - - - - - - - - - - - - - - - - -  
 TBTB_RX2P
                   R11046.1*        673.205  686.100 L    0.000  
                   U290.C12*        729.293  730.520 L   99.439  TOP
        TOTAL         0 VIA(S)                           99.439  mils
 - - - - - - - - - - - - - - - - - - - - - - - - - - - - - - - - - - - - - - -  
 TBTB_RX2P_C
                   J59.A11*         503.936  685.828 L    0.000  
                   R6304.2          561.505  687.600 L   62.312  TOP
                   C10094.2*        583.305  686.300 L   91.154  TOP
        TOTAL         0 VIA(S)                           91.154  mils
 - - - - - - - - - - - - - - - - - - - - - - - - - - - - - - - - - - - - - - -  
 TBTB_RX2P_R
                   C10094.1*        606.305  686.300 L    0.000  
                   T                628.605  688.404     29.138  TOP
                   D355.1*          628.605  687.600 L   29.942  TOP
                   R11046.2*        650.205  686.100 L   57.144  TOP
        TOTAL         0 VIA(S)                           57.144  mils
 - - - - - - - - - - - - - - - - - - - - - - - - - - - - - - - - - - - - - - -  
 TBTB_SBU1
                   U290.M10*        765.513  893.512 L    0.000  
                   VIA              765.513  893.512 V    0.000  TOP
                   VIA              765.513  893.512 V    0.000  TOP
|------------------------------------------------------------------------------|
|                             ECL  LOADING  REPORT                             |
|                                                                    Page  10  |
|------------------------------------------------------------------------------|
|  C:/1/D545R01-IOB-0929.brd                                                   |
|  dimensions in mils                                Wed Sep 30 14:13:20 2020  |
|------------------------------------------------------------------------------|
|                   refdes                                                     |
|  net name         pinid               x        y       length   layer        |
|- - - - - - - - - - - - - - - - - - - - - - - - - - - - - - - - - - - - - - - |
                   VIA              660.100  484.000 V  508.456  LAY3
                   VIA              660.100  484.000 V  508.456  TOP
                   U203.D1*         660.100  484.000 L  508.456  TOP
        TOTAL         4 VIA(S)                          508.456  mils
 - - - - - - - - - - - - - - - - - - - - - - - - - - - - - - - - - - - - - - -  
 TBTB_SBU2
                   U290.L10*        765.513  875.402 L    0.000  
                   VIA              765.513  875.402 V    0.000  TOP
                   VIA              765.513  875.402 V    0.000  TOP
                   VIA              660.100  499.700 V  506.077  LAY3
                   VIA              660.100  499.700 V  506.077  TOP
                   U203.D2*         660.100  499.700 L  506.077  TOP
        TOTAL         4 VIA(S)                          506.077  mils
 - - - - - - - - - - - - - - - - - - - - - - - - - - - - - - - - - - - - - - -  
 TBTB_SBU1_CONN
                   U203.B1*         628.600  484.000 L    0.000  
                   VIA              625.727  469.000 V   19.670  TOP
                   VIA              625.727  469.000 V   19.670  TOP
                   VIA              625.727  469.000 V   19.670  TOP
                   VIA              625.727  469.000 V   19.670  TOP
                   VIA              625.727  469.000 V   19.670  TOP
                   VIA              625.727  469.000 V   19.670  TOP
                   VIA              625.727  469.000 V   19.670  TOP
                   VIA              625.727  469.000 V   19.670  TOP
                   VIA              625.727  469.000 V   19.670  TOP
                   VIA              503.936  744.878 V  468.155  LAY10
                   VIA              503.936  744.878 V  468.155  TOP
                   VIA              503.936  744.878 V  468.155  TOP
                   VIA              503.936  744.878 V  468.155  TOP
                   VIA              503.936  744.878 V  468.155  TOP
                   VIA              503.936  744.878 V  468.155  TOP
                   VIA              503.936  744.878 V  468.155  TOP
                   VIA              503.936  744.878 V  468.155  TOP
                   VIA              503.936  744.878 V  468.155  TOP
                   J59.A8*          503.936  744.878 L  468.155  TOP
        TOTAL        18 VIA(S)                          468.155  mils
 - - - - - - - - - - - - - - - - - - - - - - - - - - - - - - - - - - - - - - -  
 TBTB_SBU2_CONN
                   U203.A1*         612.900  484.000 L    0.000  
                   VIA              612.733  469.400 V   17.270  TOP
                   VIA              612.733  469.400 V   17.270  TOP
                   VIA              612.733  469.400 V   17.270  TOP
                   VIA              612.733  469.400 V   17.270  TOP
                   VIA              612.733  469.400 V   17.270  TOP
                   VIA              612.733  469.400 V   17.270  TOP
                   VIA              612.733  469.400 V   17.270  TOP
|------------------------------------------------------------------------------|
|                             ECL  LOADING  REPORT                             |
|                                                                    Page  11  |
|------------------------------------------------------------------------------|
|  C:/1/D545R01-IOB-0929.brd                                                   |
|  dimensions in mils                                Wed Sep 30 14:13:20 2020  |
|------------------------------------------------------------------------------|
|                   refdes                                                     |
|  net name         pinid               x        y       length   layer        |
|- - - - - - - - - - - - - - - - - - - - - - - - - - - - - - - - - - - - - - - |
                   VIA              612.733  469.400 V   17.270  TOP
                   VIA              612.733  469.400 V   17.270  TOP
                   VIA              452.756  794.098 V  465.796  LAY10
                   VIA              452.756  794.098 V  465.796  TOP
                   VIA              452.756  794.098 V  465.796  TOP
                   VIA              452.756  794.098 V  465.796  TOP
                   VIA              452.756  794.098 V  465.796  TOP
                   VIA              452.756  794.098 V  465.796  TOP
                   VIA              452.756  794.098 V  465.796  TOP
                   VIA              452.756  794.098 V  465.796  TOP
                   VIA              452.756  794.098 V  465.796  TOP
                   J59.B8*          452.756  794.098 L  465.796  TOP
        TOTAL        18 VIA(S)                          465.796  mils
 - - - - - - - - - - - - - - - - - - - - - - - - - - - - - - - - - - - - - - -  
 TBTB_TX1N
                   R3602.1*         673.505  842.300 L    0.000  
                   U290.G11*        747.403  802.961 L  122.423  TOP
        TOTAL         0 VIA(S)                          122.423  mils
 - - - - - - - - - - - - - - - - - - - - - - - - - - - - - - - - - - - - - - -  
 TBTB_TX1N_C
                   J59.A3*          503.936  843.308 L    0.000  
                   R3606.2          561.505  844.100 L   62.701  TOP
                   C3020.2*         583.005  843.800 L   90.160  TOP
        TOTAL         0 VIA(S)                           90.160  mils
 - - - - - - - - - - - - - - - - - - - - - - - - - - - - - - - - - - - - - - -  
 TBTB_TX1N_R
                   C3020.1*         606.005  843.800 L    0.000  
                   T                628.446  844.559     27.518  TOP
                   D349.1*          628.505  844.500 L   27.601  TOP
                   R3602.2*         650.505  842.300 L   56.209  TOP
        TOTAL         0 VIA(S)                           56.209  mils
 - - - - - - - - - - - - - - - - - - - - - - - - - - - - - - - - - - - - - - -  
 TBTB_TX1P
                   R3601.1*         673.405  863.400 L    0.000  
                   U290.G12*        729.293  802.961 L  122.306  TOP
        TOTAL         0 VIA(S)                          122.306  mils
 - - - - - - - - - - - - - - - - - - - - - - - - - - - - - - - - - - - - - - -  
 TBTB_TX1P_C
                   C3019.2*         583.405  864.500 L    0.000  
                   T                561.505  863.396     27.420  TOP
                   R3605.2*         561.505  864.300 L   28.324  TOP
                   J59.A2*          503.936  862.988 L   90.081  TOP
        TOTAL         0 VIA(S)                           90.081  mils
 - - - - - - - - - - - - - - - - - - - - - - - - - - - - - - - - - - - - - - -  
 TBTB_TX1P_R
                   R3601.2*         650.405  863.400 L    0.000  
|------------------------------------------------------------------------------|
|                             ECL  LOADING  REPORT                             |
|                                                                    Page  12  |
|------------------------------------------------------------------------------|
|  C:/1/D545R01-IOB-0929.brd                                                   |
|  dimensions in mils                                Wed Sep 30 14:13:20 2020  |
|------------------------------------------------------------------------------|
|                   refdes                                                     |
|  net name         pinid               x        y       length   layer        |
|- - - - - - - - - - - - - - - - - - - - - - - - - - - - - - - - - - - - - - - |
                   T                628.505  862.370     28.444  TOP
                   D348.1*          628.505  862.400 L   28.474  TOP
                   C3019.1*         606.405  864.500 L   56.337  TOP
        TOTAL         0 VIA(S)                           56.337  mils
 - - - - - - - - - - - - - - - - - - - - - - - - - - - - - - - - - - - - - - -  
 TBTB_TX2N
                   U290.E11*        747.403  766.741 L    0.000  
                   VIA              747.403  766.741 V    0.000  TOP
                   VIA              747.403  766.741 V    0.000  TOP
                   VIA              747.403  766.741 V    0.000  TOP
                   VIA              747.403  766.741 V    0.000  TOP
                   VIA              747.403  766.741 V    0.000  TOP
                   VIA              747.403  766.741 V    0.000  TOP
                   VIA              747.403  766.741 V    0.000  TOP
                   VIA              747.403  766.741 V    0.000  TOP
                   VIA              747.403  766.741 V    0.000  TOP
                   VIA              747.403  766.741 V    0.000  TOP
                   VIA              747.403  766.741 V    0.000  TOP
                   R3613.1*         670.405  698.200 L  165.704  BOTTOM
        TOTAL        11 VIA(S)                          165.704  mils
 - - - - - - - - - - - - - - - - - - - - - - - - - - - - - - - - - - - - - - -  
 TBTB_TX2N_C
                   J59.B3*          452.756  695.668 L    0.000  
                   VIA              452.756  695.668 V    0.000  TOP
                   VIA              452.756  695.668 V    0.000  TOP
                   VIA              452.756  695.668 V    0.000  TOP
                   VIA              452.756  695.668 V    0.000  TOP
                   VIA              452.756  695.668 V    0.000  TOP
                   VIA              452.756  695.668 V    0.000  TOP
                   VIA              452.756  695.668 V    0.000  TOP
                   VIA              452.756  695.668 V    0.000  TOP
                   VIA              452.756  695.668 V    0.000  TOP
                   VIA              452.756  695.668 V    0.000  TOP
                   VIA              452.756  695.668 V    0.000  TOP
                   T                560.105  698.398    113.258  BOTTOM
                   R3611.2*         560.105  698.400 L  113.260  BOTTOM
                   C3021.1*         581.305  698.100 L  141.991  BOTTOM
        TOTAL        11 VIA(S)                          141.991  mils
 - - - - - - - - - - - - - - - - - - - - - - - - - - - - - - - - - - - - - - -  
 TBTB_TX2N_R
                   R3613.2*         647.405  698.200 L    0.000  
                   T                626.205  695.896     27.386  BOTTOM
                   D362.1*          626.205  696.800 L   28.290  BOTTOM
                   C3021.2*         604.305  698.100 L   56.611  BOTTOM
        TOTAL         0 VIA(S)                           56.611  mils
 - - - - - - - - - - - - - - - - - - - - - - - - - - - - - - - - - - - - - - -  
|------------------------------------------------------------------------------|
|                             ECL  LOADING  REPORT                             |
|                                                                    Page  13  |
|------------------------------------------------------------------------------|
|  C:/1/D545R01-IOB-0929.brd                                                   |
|  dimensions in mils                                Wed Sep 30 14:13:20 2020  |
|------------------------------------------------------------------------------|
|                   refdes                                                     |
|  net name         pinid               x        y       length   layer        |
|- - - - - - - - - - - - - - - - - - - - - - - - - - - - - - - - - - - - - - - |
 TBTB_TX2P
                   U290.E12*        729.293  766.741 L    0.000  
                   VIA              729.293  766.741 V    0.000  TOP
                   VIA              729.293  766.741 V    0.000  TOP
                   VIA              729.293  766.741 V    0.000  TOP
                   VIA              729.293  766.741 V    0.000  TOP
                   VIA              729.293  766.741 V    0.000  TOP
                   VIA              729.293  766.741 V    0.000  TOP
                   VIA              729.293  766.741 V    0.000  TOP
                   VIA              729.293  766.741 V    0.000  TOP
                   VIA              729.293  766.741 V    0.000  TOP
                   VIA              729.293  766.741 V    0.000  TOP
                   VIA              729.293  766.741 V    0.000  TOP
                   R3614.1*         670.505  677.100 L  166.587  BOTTOM
        TOTAL        11 VIA(S)                          166.587  mils
 - - - - - - - - - - - - - - - - - - - - - - - - - - - - - - - - - - - - - - -  
 TBTB_TX2P_C
                   J59.B2*          452.756  675.988 L    0.000  
                   VIA              452.756  675.988 V    0.000  TOP
                   VIA              452.756  675.988 V    0.000  TOP
                   VIA              452.756  675.988 V    0.000  TOP
                   VIA              452.756  675.988 V    0.000  TOP
                   VIA              452.756  675.988 V    0.000  TOP
                   VIA              452.756  675.988 V    0.000  TOP
                   VIA              452.756  675.988 V    0.000  TOP
                   VIA              452.756  675.988 V    0.000  TOP
                   VIA              452.756  675.988 V    0.000  TOP
                   VIA              452.756  675.988 V    0.000  TOP
                   VIA              452.756  675.988 V    0.000  TOP
                   T                560.105  678.194    113.592  BOTTOM
                   R3612.2*         560.105  678.000 L  113.786  BOTTOM
                   C3022.1*         581.105  677.900 L  142.400  BOTTOM
        TOTAL        11 VIA(S)                          142.400  mils
 - - - - - - - - - - - - - - - - - - - - - - - - - - - - - - - - - - - - - - -  
 TBTB_TX2P_R
                   C3022.2*         604.105  677.900 L    0.000  
                   T                626.205  679.105     29.187  BOTTOM
                   D363.1*          626.205  678.700 L   29.592  BOTTOM
                   R3614.2*         647.505  677.100 L   57.125  BOTTOM
        TOTAL         0 VIA(S)                           57.125  mils
 - - - - - - - - - - - - - - - - - - - - - - - - - - - - - - - - - - - - - - -  
 TBT_LSX1_RXD
                   JTBTA_LS.11*    1051.771  336.467 L    0.000  
                   VIA             1040.400  301.800 V   40.841  TOP
                   VIA             1040.400  301.800 V   40.841  TOP
                   VIA              795.068  921.498 V 1203.564  LAY3
|------------------------------------------------------------------------------|
|                             ECL  LOADING  REPORT                             |
|                                                                    Page  14  |
|------------------------------------------------------------------------------|
|  C:/1/D545R01-IOB-0929.brd                                                   |
|  dimensions in mils                                Wed Sep 30 14:13:20 2020  |
|------------------------------------------------------------------------------|
|                   refdes                                                     |
|  net name         pinid               x        y       length   layer        |
|- - - - - - - - - - - - - - - - - - - - - - - - - - - - - - - - - - - - - - - |
                   VIA              795.068  921.498 V 1203.564  TOP
                   U290.L7*         819.844  875.402 L 1259.923  TOP
        TOTAL         4 VIA(S)                         1259.923  mils
 - - - - - - - - - - - - - - - - - - - - - - - - - - - - - - - - - - - - - - -  
 TBT_LSX1_TXD
                   JTBTA_LS.9*     1037.992  336.467 L    0.000  
                   VIA             1039.738  313.782 V   25.251  TOP
                   VIA             1039.738  313.782 V   25.251  TOP
                   VIA              808.318  920.748 V 1154.426  LAY3
                   VIA              808.318  920.748 V 1154.426  TOP
                   U290.M7*         819.844  893.512 L 1186.436  TOP
        TOTAL         4 VIA(S)                         1186.436  mils
 - - - - - - - - - - - - - - - - - - - - - - - - - - - - - - - - - - - - - - -  
 TCP1_AUXN
                   U290.M8*         801.734  893.512 L    0.000  
                   VIA              801.734  893.512 V    0.000  TOP
                   VIA              801.734  893.512 V    0.000  TOP
                   VIA             1093.110  336.467 V  975.457  LAY3
                   VIA             1093.110  336.467 V  975.457  TOP
                   JTBTA_LS.17*    1093.110  336.467 L  975.457  TOP
        TOTAL         4 VIA(S)                          975.457  mils
 - - - - - - - - - - - - - - - - - - - - - - - - - - - - - - - - - - - - - - -  
 TCP1_AUXP
                   U290.L8*         801.734  875.402 L    0.000  
                   VIA              801.734  875.402 V    0.000  TOP
                   VIA              801.734  875.402 V    0.000  TOP
                   VIA             1079.330  336.467 V  974.497  LAY3
                   VIA             1079.330  336.467 V  974.497  TOP
                   JTBTA_LS.15*    1079.330  336.467 L  974.497  TOP
        TOTAL         4 VIA(S)                          974.497  mils
 - - - - - - - - - - - - - - - - - - - - - - - - - - - - - - - - - - - - - - -  
 TCP1_TXRX_N0
                   JTBTA_HS.8*     1079.135  842.715 L    0.000  
                   C8940.1*        1007.300  824.000 L   85.883  TOP
        TOTAL         0 VIA(S)                           85.883  mils
 - - - - - - - - - - - - - - - - - - - - - - - - - - - - - - - - - - - - - - -  
 TCP1_TXRX_N1
                   JTBTA_HS.3*     1079.135  763.975 L    0.000  
                   C8944.1*        1006.800  761.500 L   77.150  TOP
        TOTAL         0 VIA(S)                           77.150  mils
 - - - - - - - - - - - - - - - - - - - - - - - - - - - - - - - - - - - - - - -  
 TCP1_TXRX_N0_C
                   C8940.2*         984.300  824.000 L    0.000  
                   U290.G2*         910.395  802.961 L   82.875  TOP
        TOTAL         0 VIA(S)                           82.875  mils
 - - - - - - - - - - - - - - - - - - - - - - - - - - - - - - - - - - - - - - -  
|------------------------------------------------------------------------------|
|                             ECL  LOADING  REPORT                             |
|                                                                    Page  15  |
|------------------------------------------------------------------------------|
|  C:/1/D545R01-IOB-0929.brd                                                   |
|  dimensions in mils                                Wed Sep 30 14:13:20 2020  |
|------------------------------------------------------------------------------|
|                   refdes                                                     |
|  net name         pinid               x        y       length   layer        |
|- - - - - - - - - - - - - - - - - - - - - - - - - - - - - - - - - - - - - - - |
 TCP1_TXRX_N1_C
                   C8944.2*         983.800  761.500 L    0.000  
                   U290.E2*         910.395  766.741 L   81.930  TOP
        TOTAL         0 VIA(S)                           81.930  mils
 - - - - - - - - - - - - - - - - - - - - - - - - - - - - - - - - - - - - - - -  
 TCP1_TXRX_P0
                   JTBTA_HS.7*     1079.135  826.967 L    0.000  
                   C8939.1*        1007.300  803.000 L   84.772  TOP
        TOTAL         0 VIA(S)                           84.772  mils
 - - - - - - - - - - - - - - - - - - - - - - - - - - - - - - - - - - - - - - -  
 TCP1_TXRX_P1
                   JTBTA_HS.4*     1079.135  779.723 L    0.000  
                   C8943.1*        1006.800  782.500 L   77.025  TOP
        TOTAL         0 VIA(S)                           77.025  mils
 - - - - - - - - - - - - - - - - - - - - - - - - - - - - - - - - - - - - - - -  
 TCP1_TXRX_P0_C
                   C8939.2*         984.300  803.000 L    0.000  
                   U290.G1*         928.505  802.961 L   87.339  TOP
        TOTAL         0 VIA(S)                           87.339  mils
 - - - - - - - - - - - - - - - - - - - - - - - - - - - - - - - - - - - - - - -  
 TCP1_TXRX_P1_C
                   U290.E1*         928.505  766.741 L    0.000  
                   C8943.2*         983.800  782.500 L   81.858  TOP
        TOTAL         0 VIA(S)                           81.858  mils
 - - - - - - - - - - - - - - - - - - - - - - - - - - - - - - - - - - - - - - -  
 TCP1_TX_N0
                   JTBTA_HS.10*    1079.135  874.211 L    0.000  
                   C8938.1*        1007.700  869.500 L   78.108  TOP
        TOTAL         0 VIA(S)                           78.108  mils
 - - - - - - - - - - - - - - - - - - - - - - - - - - - - - - - - - - - - - - -  
 TCP1_TX_N1
                   JTBTA_HS.1*     1079.135  732.479 L    0.000  
                   C8942.1*        1006.600  712.200 L   84.861  TOP
        TOTAL         0 VIA(S)                           84.861  mils
 - - - - - - - - - - - - - - - - - - - - - - - - - - - - - - - - - - - - - - -  
 TCP1_TX_N0_C
                   U290.J2*         910.395  839.182 L    0.000  
                   C8938.2*         984.700  869.500 L   86.863  TOP
        TOTAL         0 VIA(S)                           86.863  mils
 - - - - - - - - - - - - - - - - - - - - - - - - - - - - - - - - - - - - - - -  
 TCP1_TX_N1_C
                   C8942.2*         983.600  712.200 L    0.000  
                   U290.C2*         910.395  730.520 L   80.793  TOP
        TOTAL         0 VIA(S)                           80.793  mils
 - - - - - - - - - - - - - - - - - - - - - - - - - - - - - - - - - - - - - - -  
 TCP1_TX_P0
|------------------------------------------------------------------------------|
|                             ECL  LOADING  REPORT                             |
|                                                                    Page  16  |
|------------------------------------------------------------------------------|
|  C:/1/D545R01-IOB-0929.brd                                                   |
|  dimensions in mils                                Wed Sep 30 14:13:20 2020  |
|------------------------------------------------------------------------------|
|                   refdes                                                     |
|  net name         pinid               x        y       length   layer        |
|- - - - - - - - - - - - - - - - - - - - - - - - - - - - - - - - - - - - - - - |
                   JTBTA_HS.9*     1079.135  858.463 L    0.000  
                   C8937.1*        1007.500  849.300 L   78.858  TOP
        TOTAL         0 VIA(S)                           78.858  mils
 - - - - - - - - - - - - - - - - - - - - - - - - - - - - - - - - - - - - - - -  
 TCP1_TX_P1
                   C8941.1*        1006.600  732.700 L    0.000  
                   JTBTA_HS.2*     1079.135  748.227 L   84.769  TOP
        TOTAL         0 VIA(S)                           84.769  mils
 - - - - - - - - - - - - - - - - - - - - - - - - - - - - - - - - - - - - - - -  
 TCP1_TX_P0_C
                   C8937.2*         984.500  849.300 L    0.000  
                   U290.J1*         928.505  839.182 L   86.559  TOP
        TOTAL         0 VIA(S)                           86.559  mils
 - - - - - - - - - - - - - - - - - - - - - - - - - - - - - - - - - - - - - - -  
 TCP1_TX_P1_C
                   U290.C1*         928.505  730.520 L    0.000  
                   C8941.2*         983.600  732.700 L   80.149  TOP
        TOTAL         0 VIA(S)                           80.149  mils
 - - - - - - - - - - - - - - - - - - - - - - - - - - - - - - - - - - - - - - -  
 USB2_P5_DN_CONN
                   JTBTA_LS.23*    1134.448  336.467 L    0.000  
                   VIA             1134.448  336.467 V    0.000  TOP
                   VIA             1134.448  336.467 V    0.000  TOP
                   VIA             1134.448  336.467 V    0.000  TOP
                   VIA             1134.448  336.467 V    0.000  TOP
                   VIA             1134.448  336.467 V    0.000  TOP
                   VIA             1134.448  336.467 V    0.000  TOP
                   VIA             1134.448  336.467 V    0.000  TOP
                   VIA              596.305  765.500 V  762.191  LAY08
                   VIA              596.305  765.500 V  762.191  TOP
                   VIA              596.305  765.500 V  762.191  TOP
                   VIA              596.305  765.500 V  762.191  TOP
                   VIA(T)           596.305  765.500 V  762.191  TOP
                   VIA              596.305  765.500 V  762.191  TOP
                   VIA              596.305  765.500 V  762.191  TOP
                   D352.1*          596.305  765.500 L  762.191  TOP
                   VIA(T)           503.936  764.568 V  859.999  LAY3
                   VIA              503.936  764.568 V  859.999  TOP
                   J59.A7*          503.936  764.568 L  859.999  TOP
                   VIA              478.105  767.500 V  902.908  LAY3
                   VIA              478.105  767.500 V  902.908  TOP
                   J59.B7*          452.756  774.408 L  931.118  TOP
        TOTAL        18 VIA(S)                          931.118  mils
 - - - - - - - - - - - - - - - - - - - - - - - - - - - - - - - - - - - - - - -  
 USB2_P5_DP_CONN
                   JTBTA_LS.21*    1120.669  336.467 L    0.000  
|------------------------------------------------------------------------------|
|                             ECL  LOADING  REPORT                             |
|                                                                    Page  17  |
|------------------------------------------------------------------------------|
|  C:/1/D545R01-IOB-0929.brd                                                   |
|  dimensions in mils                                Wed Sep 30 14:13:20 2020  |
|------------------------------------------------------------------------------|
|                   refdes                                                     |
|  net name         pinid               x        y       length   layer        |
|- - - - - - - - - - - - - - - - - - - - - - - - - - - - - - - - - - - - - - - |
                   VIA             1120.669  336.467 V    0.000  TOP
                   VIA             1120.669  336.467 V    0.000  TOP
                   VIA             1120.669  336.467 V    0.000  TOP
                   VIA             1120.669  336.467 V    0.000  TOP
                   VIA             1120.669  336.467 V    0.000  TOP
                   VIA             1120.669  336.467 V    0.000  TOP
                   VIA             1120.669  336.467 V    0.000  TOP
                   VIA              596.405  783.600 V  751.087  LAY08
                   VIA              596.405  783.600 V  751.087  TOP
                   VIA              596.405  783.600 V  751.087  TOP
                   VIA              596.405  783.600 V  751.087  TOP
                   VIA              596.405  783.600 V  751.087  TOP
                   VIA(T)           596.405  783.600 V  751.087  TOP
                   VIA              596.405  783.600 V  751.087  TOP
                   D351.1*          596.405  783.600 L  751.087  TOP
                   VIA(T)           503.936  784.248 V  849.209  LAY3
                   VIA              503.936  784.248 V  849.209  TOP
                   J59.A6*          503.936  784.248 L  849.209  TOP
                   VIA              452.756  754.728 V  929.154  LAY3
                   VIA              452.756  754.728 V  929.154  TOP
                   J59.B6*          452.756  754.728 L  929.154  TOP
        TOTAL        18 VIA(S)                          929.154  mils
 - - - - - - - - - - - - - - - - - - - - - - - - - - - - - - - - - - - - - - -  
 VCC0P9_LC_TBTB
                   U290.J3*         880.080  845.087 L    0.000  
                   VIA              880.080  845.087 V    0.000  TOP
                   VIA              880.080  845.087 V    0.000  TOP
                   VIA              880.080  845.087 V    0.000  TOP
                   VIA              880.080  845.087 V    0.000  TOP
                   VIA              880.080  845.087 V    0.000  TOP
                   VIA              880.080  845.087 V    0.000  TOP
                   VIA              880.080  845.087 V    0.000  TOP
                   VIA              880.080  845.087 V    0.000  TOP
                   VIA              880.080  845.087 V    0.000  TOP
                   VIA              880.080  845.087 V    0.000  TOP
                   VIA              880.080  845.087 V    0.000  TOP
                   C8997.2*         880.080  845.087 L    0.000  TOP
        TOTAL        11 VIA(S)                            0.000  mils
 - - - - - - - - - - - - - - - - - - - - - - - - - - - - - - - - - - - - - - -  
 VCC3B
                   JTBTA_LS.20*    1106.889  415.503 L    0.000  
                   R10145.2*        728.918  602.248 L  530.785  TOP
        TOTAL         0 VIA(S)                          530.785  mils
 - - - - - - - - - - - - - - - - - - - - - - - - - - - - - - - - - - - - - - -  
 VCC3P3_ANA_TBTB
                   U290.L2*         910.395  875.402 L    0.000  
|------------------------------------------------------------------------------|
|                             ECL  LOADING  REPORT                             |
|                                                                    Page  18  |
|------------------------------------------------------------------------------|
|  C:/1/D545R01-IOB-0929.brd                                                   |
|  dimensions in mils                                Wed Sep 30 14:13:20 2020  |
|------------------------------------------------------------------------------|
|                   refdes                                                     |
|  net name         pinid               x        y       length   layer        |
|- - - - - - - - - - - - - - - - - - - - - - - - - - - - - - - - - - - - - - - |
                   VIA              910.395  875.402 V    0.000  TOP
                   VIA              910.395  875.402 V    0.000  TOP
                   VIA              910.395  875.402 V    0.000  TOP
                   VIA              910.395  875.402 V    0.000  TOP
                   VIA              910.395  875.402 V    0.000  TOP
                   VIA              910.395  875.402 V    0.000  TOP
                   VIA              910.395  875.402 V    0.000  TOP
                   VIA              910.395  875.402 V    0.000  TOP
                   VIA              910.395  875.402 V    0.000  TOP
                   VIA              910.395  875.402 V    0.000  TOP
                   VIA              910.395  875.402 V    0.000  TOP
                   C8995.2*         910.395  875.402 L    0.000  TOP
        TOTAL        11 VIA(S)                            0.000  mils
 - - - - - - - - - - - - - - - - - - - - - - - - - - - - - - - - - - - - - - -  
 VCC3P3_LC_TBTB
                   C8996.2*         841.695  736.020 L    0.000  
                   VIA              841.695  755.520 V   19.500  BOTTOM
                   VIA              841.695  755.520 V   19.500  TOP
                   VIA              841.695  755.520 V   19.500  TOP
                   VIA              841.695  755.520 V   19.500  TOP
                   VIA(T)           841.695  755.520 V   19.500  TOP
                   VIA              841.695  755.520 V   19.500  TOP
                   VIA              841.695  755.520 V   19.500  TOP
                   VIA              841.695  755.520 V   19.500  TOP
                   VIA              841.695  755.520 V   19.500  TOP
                   VIA              841.695  755.520 V   19.500  TOP
                   VIA              841.695  755.520 V   19.500  TOP
                   U290.E5*         854.490  768.315 L   37.595  TOP
                   VIA              951.018  600.548 V  237.850  LAY08
                   VIA              951.018  600.548 V  237.850  TOP
                   VIA              951.018  600.548 V  237.850  TOP
                   VIA              951.018  600.548 V  237.850  TOP
                   VIA              951.018  600.548 V  237.850  TOP
                   VIA              951.018  600.548 V  237.850  TOP
                   VIA              951.018  600.548 V  237.850  TOP
                   R10152.1         951.018  600.548 L  237.850  TOP
                   R10153.1         929.219  600.527 L  259.658  TOP
                   R10155.1         907.439  600.527 L  281.438  TOP
                   R10154.1*        884.659  600.527 L  304.218  TOP
        TOTAL        18 VIA(S)                          304.218  mils
 - - - - - - - - - - - - - - - - - - - - - - - - - - - - - - - - - - - - - - -  
 VCC3_LDO_PD
                   R3189.2*         628.200  560.200 L    0.000  
                   C3225.2          649.200  559.600 L   21.249  TOP
                   U203.C4*         644.400  531.200 L   51.637  TOP
                   VIA              669.000  579.100 V   81.916  TOP
|------------------------------------------------------------------------------|
|                             ECL  LOADING  REPORT                             |
|                                                                    Page  19  |
|------------------------------------------------------------------------------|
|  C:/1/D545R01-IOB-0929.brd                                                   |
|  dimensions in mils                                Wed Sep 30 14:13:20 2020  |
|------------------------------------------------------------------------------|
|                   refdes                                                     |
|  net name         pinid               x        y       length   layer        |
|- - - - - - - - - - - - - - - - - - - - - - - - - - - - - - - - - - - - - - - |
                   VIA              669.000  579.100 V   81.916  TOP
                   VIA              669.000  579.100 V   81.916  TOP
                   VIA              669.000  579.100 V   81.916  TOP
                   VIA              669.000  579.100 V   81.916  TOP
                   VIA              669.000  579.100 V   81.916  TOP
                   VIA              669.000  579.100 V   81.916  TOP
                   VIA             1123.700  432.614 V  819.928  LAY08
                   VIA             1123.700  432.614 V  819.928  TOP
                   VIA             1123.700  432.614 V  819.928  TOP
                   VIA             1123.700  432.614 V  819.928  TOP
                   VIA             1123.700  432.614 V  819.928  TOP
                   VIA             1123.700  432.614 V  819.928  TOP
                   VIA             1123.700  432.614 V  819.928  TOP
                   JTBTA_LS.22*    1120.669  415.503 L  838.294  TOP
        TOTAL        14 VIA(S)                          838.294  mils
 - - - - - - - - - - - - - - - - - - - - - - - - - - - - - - - - - - - - - - -  
 VCC5M
                   LED1.2*          215.200 1834.980 L    0.000  
                   VIA              215.200 1834.980 V    0.000  TOP
                   VIA              215.200 1834.980 V    0.000  TOP
                   VIA             1065.551  336.467 V 2337.366  LAY10
                   VIA             1065.551  336.467 V 2337.366  TOP
                   VIA             1065.551  336.467 V 2337.366  TOP
                   VIA             1065.551  336.467 V 2337.366  TOP
                   VIA             1065.551  336.467 V 2337.366  TOP
                   VIA             1065.551  336.467 V 2337.366  TOP
                   VIA             1065.551  336.467 V 2337.366  TOP
                   VIA             1065.551  336.467 V 2337.366  TOP
                   VIA             1065.551  336.467 V 2337.366  TOP
                   JTBTA_LS.13*    1065.551  336.467 L 2337.366  TOP
        TOTAL        11 VIA(S)                         2337.366  mils
 - - - - - - - - - - - - - - - - - - - - - - - - - - - - - - - - - - - - - - -  
|------------------------------------------------------------------------------|
|   End of ECL Loading Report                                                  |
|   total path length all ECL nets = 29253.002 mils                            |
|------------------------------------------------------------------------------|
