|------------------------------------------------------------------------------|
|                             ECL  LOADING  REPORT                             |
|                                                                    Page   1  |
|------------------------------------------------------------------------------|
|  C:/1/NSD54BR01_SINGLE-1006.brd                                              |
|  dimensions in mils                                Tue Oct 06 16:31:03 2020  |
|------------------------------------------------------------------------------|
|                   refdes                                                     |
|  net name         pinid               x        y       length   layer        |
|- - - - - - - - - - - - - - - - - - - - - - - - - - - - - - - - - - - - - - - |
 -I2C3_INT_PD
                   U290.A10*       -543.300  493.000 L    0.000  
                   VIA             -543.000  491.000 V    2.022  TOP
                   VIA             -543.000  491.000 V    2.022  TOP
                   VIA             -543.000  491.000 V    2.022  TOP
                   VIA             -543.000  491.000 V    2.022  TOP
                   VIA              -45.500  561.500 V  537.804  LAY08
                   VIA              -45.500  561.500 V  537.804  TOP
                   VIA              -45.500  561.500 V  537.804  TOP
                   VIA              -45.500  561.500 V  537.804  TOP
                   JTBTA_LS.8*      -82.500  571.000 L  578.739  BOTTOM
        TOTAL         8 VIA(S)                          578.739  mils
 - - - - - - - - - - - - - - - - - - - - - - - - - - - - - - - - - - - - - - -  
 -RT_B_RESET
                   JTBTA_LS.12*     -82.500  598.600 L    0.000  
                   VIA              -82.500  598.600 V    0.000  TOP
                   VIA              -82.500  598.600 V    0.000  TOP
                   VIA              -82.500  598.600 V    0.000  TOP
                   VIA              -82.500  598.600 V    0.000  TOP
                   VIA             -525.200  674.100 V  540.489  LAY08
                   VIA             -525.200  674.100 V  540.489  TOP
                   VIA             -525.200  674.100 V  540.489  TOP
                   VIA             -525.200  674.100 V  540.489  TOP
                   U290.L11*       -525.200  674.100 L  540.489  TOP
        TOTAL         8 VIA(S)                          540.489  mils
 - - - - - - - - - - - - - - - - - - - - - - - - - - - - - - - - - - - - - - -  
 -RT_PERST
                   U290.B8*        -579.500  511.100 L    0.000  
                   VIA             -579.500  511.100 V    0.000  TOP
                   VIA             -579.500  511.100 V    0.000  TOP
                   VIA             -579.500  511.100 V    0.000  TOP
                   VIA             -579.500  511.100 V    0.000  TOP
                   VIA              -45.000  577.000 V  582.637  LAY08
                   VIA              -45.000  577.000 V  582.637  TOP
                   VIA              -45.000  577.000 V  582.637  TOP
                   VIA              -45.000  577.000 V  582.637  TOP
                   JTBTA_LS.10*     -82.500  584.800 L  623.368  BOTTOM
        TOTAL         8 VIA(S)                          623.368  mils
 - - - - - - - - - - - - - - - - - - - - - - - - - - - - - - - - - - - - - - -  
 -RT_SPI_CS
                   TP1815.1*       -887.500  476.500 L    0.000  
                   VIA             -887.500  464.000 V   12.500  TOP
                   VIA             -887.500  464.000 V   12.500  TOP
                   VIA(T)          -1032.000  476.000 V  177.711  LAY3
                   VIA             -1032.000  476.000 V  177.711  TOP
                   R10076.1        -1032.000  476.000 L  177.711  TOP
|------------------------------------------------------------------------------|
|                             ECL  LOADING  REPORT                             |
|                                                                    Page   2  |
|------------------------------------------------------------------------------|
|  C:/1/NSD54BR01_SINGLE-1006.brd                                              |
|  dimensions in mils                                Tue Oct 06 16:31:03 2020  |
|------------------------------------------------------------------------------|
|                   refdes                                                     |
|  net name         pinid               x        y       length   layer        |
|- - - - - - - - - - - - - - - - - - - - - - - - - - - - - - - - - - - - - - - |
                   U184.1*         -1000.600  466.400 L  213.087  TOP
                   VIA             -1032.000  476.000 V  213.087  TOP
                   VIA             -1032.000  476.000 V  213.087  TOP
                   VIA             -1032.000  476.000 V  213.087  TOP
                   VIA             -1032.000  476.000 V  213.087  TOP
                   VIA             -1032.000  476.000 V  213.087  TOP
                   VIA             -615.700  511.100 V  710.243  LAY08
                   VIA             -615.700  511.100 V  710.243  TOP
                   VIA             -615.700  511.100 V  710.243  TOP
                   VIA             -615.700  511.100 V  710.243  TOP
                   U290.B6*        -615.700  511.100 L  710.243  TOP
        TOTAL        13 VIA(S)                          710.243  mils
 - - - - - - - - - - - - - - - - - - - - - - - - - - - - - - - - - - - - - - -  
 I2C3_CLK_PD
                   JTBTA_LS.4*      -82.500  543.500 L    0.000  
                   VIA              -82.500  543.500 V    0.000  TOP
                   VIA              -82.500  543.500 V    0.000  TOP
                   VIA              -82.500  543.500 V    0.000  TOP
                   VIA              -82.500  543.500 V    0.000  TOP
                   VIA             -555.500  541.400 V  489.941  LAY08
                   VIA             -555.500  541.400 V  489.941  TOP
                   VIA             -555.500  541.400 V  489.941  TOP
                   VIA             -555.500  541.400 V  489.941  TOP
                   U290.C9*        -555.500  541.400 L  489.941  TOP
        TOTAL         8 VIA(S)                          489.941  mils
 - - - - - - - - - - - - - - - - - - - - - - - - - - - - - - - - - - - - - - -  
 I2C3_DATA_PD
                   JTBTA_LS.6*      -82.500  557.300 L    0.000  
                   VIA              -82.500  557.300 V    0.000  TOP
                   VIA              -82.500  557.300 V    0.000  TOP
                   VIA              -82.500  557.300 V    0.000  TOP
                   VIA              -82.500  557.300 V    0.000  TOP
                   VIA             -581.100  567.000 V  522.983  LAY08
                   VIA             -581.100  567.000 V  522.983  TOP
                   VIA             -581.100  567.000 V  522.983  TOP
                   VIA             -581.100  567.000 V  522.983  TOP
                   U290.E7*        -581.100  567.000 L  522.983  TOP
        TOTAL         8 VIA(S)                          522.983  mils
 - - - - - - - - - - - - - - - - - - - - - - - - - - - - - - - - - - - - - - -  
 N23368023
                   R3189.1*        -259.000  742.000 L    0.000  
                   U203.B4*        -286.900  713.000 L   40.557  BOTTOM
        TOTAL         0 VIA(S)                           40.557  mils
 - - - - - - - - - - - - - - - - - - - - - - - - - - - - - - - - - - - - - - -  
 N23368125
                   C3224.2*        -238.800  716.900 L    0.000  
|------------------------------------------------------------------------------|
|                             ECL  LOADING  REPORT                             |
|                                                                    Page   3  |
|------------------------------------------------------------------------------|
|  C:/1/NSD54BR01_SINGLE-1006.brd                                              |
|  dimensions in mils                                Tue Oct 06 16:31:03 2020  |
|------------------------------------------------------------------------------|
|                   refdes                                                     |
|  net name         pinid               x        y       length   layer        |
|- - - - - - - - - - - - - - - - - - - - - - - - - - - - - - - - - - - - - - - |
                   U203.A4*        -271.200  713.000 L   34.015  BOTTOM
        TOTAL         0 VIA(S)                           34.015  mils
 - - - - - - - - - - - - - - - - - - - - - - - - - - - - - - - - - - - - - - -  
 N23381152
                   R11151.2*       -683.000  441.500 L    0.000  
                   R10144.1        -662.000  441.500 L   21.000  BOTTOM
                   U290.A4*        -652.000  493.000 L   76.642  BOTTOM
        TOTAL         0 VIA(S)                           76.642  mils
 - - - - - - - - - - - - - - - - - - - - - - - - - - - - - - - - - - - - - - -  
 N151138120
                   U290.L4*        -652.000  674.100 L    0.000  
                   VIA             -652.000  674.100 V    0.000  TOP
                   VIA             -652.000  674.100 V    0.000  TOP
                   VIA             -652.000  674.100 V    0.000  TOP
                   VIA             -652.000  674.100 V    0.000  TOP
                   VIA             -652.000  674.100 V    0.000  TOP
                   VIA             -652.000  674.100 V    0.000  TOP
                   VIA             -652.000  674.100 V    0.000  TOP
                   VIA             -652.000  674.100 V    0.000  TOP
                   VIA             -652.000  674.100 V    0.000  TOP
                   VIA             -652.000  674.100 V    0.000  TOP
                   VIA             -652.000  674.100 V    0.000  TOP
                   R10074.1*       -654.000  673.000 L    2.456  TOP
        TOTAL        11 VIA(S)                            2.456  mils
 - - - - - - - - - - - - - - - - - - - - - - - - - - - - - - - - - - - - - - -  
 N151138161
                   U290.L5*        -633.900  674.100 L    0.000  
                   VIA             -633.900  674.100 V    0.000  TOP
                   VIA             -633.900  674.100 V    0.000  TOP
                   VIA             -633.900  674.100 V    0.000  TOP
                   VIA             -633.900  674.100 V    0.000  TOP
                   VIA             -633.900  674.100 V    0.000  TOP
                   VIA             -633.900  674.100 V    0.000  TOP
                   VIA             -633.900  674.100 V    0.000  TOP
                   VIA             -633.900  674.100 V    0.000  TOP
                   VIA             -633.900  674.100 V    0.000  TOP
                   VIA             -633.900  674.100 V    0.000  TOP
                   VIA             -633.900  674.100 V    0.000  TOP
                   R10074.2*       -631.000  673.000 L    3.356  TOP
        TOTAL        11 VIA(S)                            3.356  mils
 - - - - - - - - - - - - - - - - - - - - - - - - - - - - - - - - - - - - - - -  
 N151140795
                   R10079.1*       -427.000  743.000 L    0.000  
                   C8946.1         -401.500  743.500 L   25.707  BOTTOM
                   Y12.1*          -383.400  711.600 L   65.104  BOTTOM
        TOTAL         0 VIA(S)                           65.104  mils
|------------------------------------------------------------------------------|
|                             ECL  LOADING  REPORT                             |
|                                                                    Page   4  |
|------------------------------------------------------------------------------|
|  C:/1/NSD54BR01_SINGLE-1006.brd                                              |
|  dimensions in mils                                Tue Oct 06 16:31:03 2020  |
|------------------------------------------------------------------------------|
|                   refdes                                                     |
|  net name         pinid               x        y       length   layer        |
|- - - - - - - - - - - - - - - - - - - - - - - - - - - - - - - - - - - - - - - |
 N151484425
                   R10142.1*       -574.000  441.500 L    0.000  
                   R10147.2        -595.000  441.500 L   21.000  BOTTOM
                   U290.A6*        -615.700  493.000 L   81.074  BOTTOM
        TOTAL         0 VIA(S)                           81.074  mils
 - - - - - - - - - - - - - - - - - - - - - - - - - - - - - - - - - - - - - - -  
 N151484427
                   R10148.2*       -617.000  441.500 L    0.000  
                   R10143.1        -638.000  441.500 L   21.000  BOTTOM
                   U290.A5*        -633.900  493.000 L   74.198  BOTTOM
        TOTAL         0 VIA(S)                           74.198  mils
 - - - - - - - - - - - - - - - - - - - - - - - - - - - - - - - - - - - - - - -  
 N151484453
                   R10146.1*       -530.000  441.500 L    0.000  
                   U290.A9*        -561.400  493.000 L   64.506  BOTTOM
        TOTAL         0 VIA(S)                           64.506  mils
 - - - - - - - - - - - - - - - - - - - - - - - - - - - - - - - - - - - - - - -  
 N151484455
                   R10145.1*       -552.000  441.500 L    0.000  
                   U290.A8*        -579.500  493.000 L   62.891  BOTTOM
        TOTAL         0 VIA(S)                           62.891  mils
 - - - - - - - - - - - - - - - - - - - - - - - - - - - - - - - - - - - - - - -  
 N151484465
                   U290.B9*        -561.400  511.100 L    0.000  
                   VIA             -561.400  511.100 V    0.000  TOP
                   VIA             -561.400  511.100 V    0.000  TOP
                   VIA             -561.400  511.100 V    0.000  TOP
                   VIA             -561.400  511.100 V    0.000  TOP
                   VIA             -561.400  511.100 V    0.000  TOP
                   VIA             -561.400  511.100 V    0.000  TOP
                   VIA             -561.400  511.100 V    0.000  TOP
                   VIA             -561.400  511.100 V    0.000  TOP
                   VIA             -561.400  511.100 V    0.000  TOP
                   VIA             -561.400  511.100 V    0.000  TOP
                   VIA             -561.400  511.100 V    0.000  TOP
                   R10151.2*       -561.000  510.500 L    0.721  TOP
        TOTAL        11 VIA(S)                            0.721  mils
 - - - - - - - - - - - - - - - - - - - - - - - - - - - - - - - - - - - - - - -  
 N151484806
                   R10152.2*       -705.000  441.500 L    0.000  
                   U290.A3*        -670.100  493.000 L   65.956  BOTTOM
        TOTAL         0 VIA(S)                           65.956  mils
 - - - - - - - - - - - - - - - - - - - - - - - - - - - - - - - - - - - - - - -  
 N151484818
                   U290.C3*        -657.900  541.400 L    0.000  
                   VIA             -657.900  541.400 V    0.000  TOP
|------------------------------------------------------------------------------|
|                             ECL  LOADING  REPORT                             |
|                                                                    Page   5  |
|------------------------------------------------------------------------------|
|  C:/1/NSD54BR01_SINGLE-1006.brd                                              |
|  dimensions in mils                                Tue Oct 06 16:31:03 2020  |
|------------------------------------------------------------------------------|
|                   refdes                                                     |
|  net name         pinid               x        y       length   layer        |
|- - - - - - - - - - - - - - - - - - - - - - - - - - - - - - - - - - - - - - - |
                   VIA             -657.900  541.400 V    0.000  TOP
                   VIA             -657.900  541.400 V    0.000  TOP
                   VIA             -657.900  541.400 V    0.000  TOP
                   VIA             -657.900  541.400 V    0.000  TOP
                   VIA             -657.900  541.400 V    0.000  TOP
                   VIA             -657.900  541.400 V    0.000  TOP
                   VIA             -657.900  541.400 V    0.000  TOP
                   VIA             -657.900  541.400 V    0.000  TOP
                   VIA             -657.900  541.400 V    0.000  TOP
                   VIA             -657.900  541.400 V    0.000  TOP
                   R10153.2*       -658.000  541.500 L    0.141  TOP
        TOTAL        11 VIA(S)                            0.141  mils
 - - - - - - - - - - - - - - - - - - - - - - - - - - - - - - - - - - - - - - -  
 N151484830
                   U290.B5*        -633.900  511.100 L    0.000  
                   VIA             -633.900  511.100 V    0.000  TOP
                   VIA             -633.900  511.100 V    0.000  TOP
                   VIA             -633.900  511.100 V    0.000  TOP
                   VIA             -633.900  511.100 V    0.000  TOP
                   VIA             -633.900  511.100 V    0.000  TOP
                   VIA             -633.900  511.100 V    0.000  TOP
                   VIA             -633.900  511.100 V    0.000  TOP
                   VIA             -633.900  511.100 V    0.000  TOP
                   VIA             -633.900  511.100 V    0.000  TOP
                   VIA             -633.900  511.100 V    0.000  TOP
                   VIA             -633.900  511.100 V    0.000  TOP
                   R10154.2*       -632.500  511.000 L    1.404  TOP
        TOTAL        11 VIA(S)                            1.404  mils
 - - - - - - - - - - - - - - - - - - - - - - - - - - - - - - - - - - - - - - -  
 N151484842
                   U290.C5*        -632.300  541.400 L    0.000  
                   VIA             -632.300  541.400 V    0.000  TOP
                   VIA             -632.300  541.400 V    0.000  TOP
                   VIA             -632.300  541.400 V    0.000  TOP
                   VIA             -632.300  541.400 V    0.000  TOP
                   VIA             -632.300  541.400 V    0.000  TOP
                   VIA             -632.300  541.400 V    0.000  TOP
                   VIA             -632.300  541.400 V    0.000  TOP
                   VIA             -632.300  541.400 V    0.000  TOP
                   VIA             -632.300  541.400 V    0.000  TOP
                   VIA             -632.300  541.400 V    0.000  TOP
                   VIA             -632.300  541.400 V    0.000  TOP
                   R10155.2*       -632.500  541.500 L    0.224  TOP
        TOTAL        11 VIA(S)                            0.224  mils
 - - - - - - - - - - - - - - - - - - - - - - - - - - - - - - - - - - - - - - -  
 N151484909
|------------------------------------------------------------------------------|
|                             ECL  LOADING  REPORT                             |
|                                                                    Page   6  |
|------------------------------------------------------------------------------|
|  C:/1/NSD54BR01_SINGLE-1006.brd                                              |
|  dimensions in mils                                Tue Oct 06 16:31:03 2020  |
|------------------------------------------------------------------------------|
|                   refdes                                                     |
|  net name         pinid               x        y       length   layer        |
|- - - - - - - - - - - - - - - - - - - - - - - - - - - - - - - - - - - - - - - |
                   U290.B3*        -670.100  511.100 L    0.000  
                   VIA             -670.100  511.100 V    0.000  TOP
                   VIA             -670.100  511.100 V    0.000  TOP
                   VIA             -670.100  511.100 V    0.000  TOP
                   VIA             -670.100  511.100 V    0.000  TOP
                   VIA             -670.100  511.100 V    0.000  TOP
                   VIA             -670.100  511.100 V    0.000  TOP
                   VIA             -670.100  511.100 V    0.000  TOP
                   VIA             -670.100  511.100 V    0.000  TOP
                   VIA             -670.100  511.100 V    0.000  TOP
                   VIA             -670.100  511.100 V    0.000  TOP
                   VIA             -670.100  511.100 V    0.000  TOP
                   R10156.2*       -670.000  511.000 L    0.141  TOP
        TOTAL        11 VIA(S)                            0.141  mils
 - - - - - - - - - - - - - - - - - - - - - - - - - - - - - - - - - - - - - - -  
 N153974920
                   R10077.1*       -966.000  433.500 L    0.000  
                   U184.3*         -961.200  466.400 L   34.888  TOP
        TOTAL         0 VIA(S)                           34.888  mils
 - - - - - - - - - - - - - - - - - - - - - - - - - - - - - - - - - - - - - - -  
 N153975429
                   R10078.1*       -985.000  607.000 L    0.000  
                   U184.7*         -980.900  572.700 L   35.998  TOP
        TOTAL         0 VIA(S)                           35.998  mils
 - - - - - - - - - - - - - - - - - - - - - - - - - - - - - - - - - - - - - - -  
 RT_B_XTAL_25_IN
                   U290.L9*        -561.400  674.100 L    0.000  
                   C8947.1         -456.000  671.000 L  194.048  BOTTOM
                   Y12.3*          -426.700  656.500 L  229.354  BOTTOM
        TOTAL         0 VIA(S)                          229.354  mils
 - - - - - - - - - - - - - - - - - - - - - - - - - - - - - - - - - - - - - - -  
 RT_B_XTAL_25_OUT
                   U290.M9*        -561.400  692.200 L    0.000  
                   R10079.2*       -450.000  743.000 L  147.321  BOTTOM
        TOTAL         0 VIA(S)                          147.321  mils
 - - - - - - - - - - - - - - - - - - - - - - - - - - - - - - - - - - - - - - -  
 RT_FORCE_PWR
                   JTBTA_LS.14*     -82.500  612.400 L    0.000  
                   VIA              -82.500  612.400 V    0.000  TOP
                   VIA              -82.500  612.400 V    0.000  TOP
                   VIA              -82.500  612.400 V    0.000  TOP
                   VIA              -82.500  612.400 V    0.000  TOP
                   VIA             -543.300  511.100 V  571.183  LAY08
                   VIA             -543.300  511.100 V  571.183  TOP
                   VIA             -543.300  511.100 V  571.183  TOP
                   VIA             -543.300  511.100 V  571.183  TOP
|------------------------------------------------------------------------------|
|                             ECL  LOADING  REPORT                             |
|                                                                    Page   7  |
|------------------------------------------------------------------------------|
|  C:/1/NSD54BR01_SINGLE-1006.brd                                              |
|  dimensions in mils                                Tue Oct 06 16:31:03 2020  |
|------------------------------------------------------------------------------|
|                   refdes                                                     |
|  net name         pinid               x        y       length   layer        |
|- - - - - - - - - - - - - - - - - - - - - - - - - - - - - - - - - - - - - - - |
                   U290.B10*       -543.300  511.100 L  571.183  TOP
        TOTAL         8 VIA(S)                          571.183  mils
 - - - - - - - - - - - - - - - - - - - - - - - - - - - - - - - - - - - - - - -  
 RT_SPI_CLK
                   U290.C7*        -581.100  541.400 L    0.000  
                   VIA             -581.100  541.400 V    0.000  TOP
                   VIA             -581.100  541.400 V    0.000  TOP
                   VIA             -581.100  541.400 V    0.000  TOP
                   VIA             -581.100  541.400 V    0.000  TOP
                   VIA             -961.200  572.700 V  536.158  LAY08
                   VIA             -961.200  572.700 V  536.158  TOP
                   VIA             -961.200  572.700 V  536.158  TOP
                   VIA             -961.200  572.700 V  536.158  TOP
                   VIA             -961.200  572.700 V  536.158  TOP
                   VIA             -961.200  572.700 V  536.158  TOP
                   VIA             -961.200  572.700 V  536.158  TOP
                   U184.6          -961.200  572.700 L  536.158  TOP
                   TP1819.1*       -888.500  598.000 L  629.355  TOP
        TOTAL        11 VIA(S)                          629.355  mils
 - - - - - - - - - - - - - - - - - - - - - - - - - - - - - - - - - - - - - - -  
 RT_SPI_MISO
                   TP1816.1*       -886.000  417.000 L    0.000  
                   VIA             -886.000  430.500 V   13.500  TOP
                   VIA             -886.000  430.500 V   13.500  TOP
                   VIA(T)          -1032.000  449.000 V  167.163  LAY3
                   VIA             -1032.000  449.000 V  167.163  TOP
                   R10075.1        -1032.000  449.000 L  167.163  TOP
                   U184.2*         -980.900  466.400 L  241.525  TOP
                   VIA             -1032.000  449.000 V  241.525  TOP
                   VIA             -1032.000  449.000 V  241.525  TOP
                   VIA             -1032.000  449.000 V  241.525  TOP
                   VIA             -1032.000  449.000 V  241.525  TOP
                   VIA             -1032.000  449.000 V  241.525  TOP
                   VIA             -652.000  511.100 V  691.516  LAY08
                   VIA             -652.000  511.100 V  691.516  TOP
                   VIA             -652.000  511.100 V  691.516  TOP
                   VIA             -652.000  511.100 V  691.516  TOP
                   U290.B4*        -652.000  511.100 L  691.516  TOP
        TOTAL        13 VIA(S)                          691.516  mils
 - - - - - - - - - - - - - - - - - - - - - - - - - - - - - - - - - - - - - - -  
 RT_SPI_MOSI
                   U290.C6*        -606.700  541.400 L    0.000  
                   VIA             -606.700  541.400 V    0.000  TOP
                   VIA             -606.700  541.400 V    0.000  TOP
                   VIA             -606.700  541.400 V    0.000  TOP
                   VIA             -606.700  541.400 V    0.000  TOP
|------------------------------------------------------------------------------|
|                             ECL  LOADING  REPORT                             |
|                                                                    Page   8  |
|------------------------------------------------------------------------------|
|  C:/1/NSD54BR01_SINGLE-1006.brd                                              |
|  dimensions in mils                                Tue Oct 06 16:31:03 2020  |
|------------------------------------------------------------------------------|
|                   refdes                                                     |
|  net name         pinid               x        y       length   layer        |
|- - - - - - - - - - - - - - - - - - - - - - - - - - - - - - - - - - - - - - - |
                   VIA             -941.500  572.700 V  529.637  LAY08
                   VIA             -941.500  572.700 V  529.637  TOP
                   VIA             -941.500  572.700 V  529.637  TOP
                   VIA             -941.500  572.700 V  529.637  TOP
                   VIA             -941.500  572.700 V  529.637  TOP
                   VIA             -941.500  572.700 V  529.637  TOP
                   VIA             -941.500  572.700 V  529.637  TOP
                   U184.5          -941.500  572.700 L  529.637  TOP
                   TP1820.1*       -887.500  538.500 L  603.192  TOP
        TOTAL        11 VIA(S)                          603.192  mils
 - - - - - - - - - - - - - - - - - - - - - - - - - - - - - - - - - - - - - - -  
 SML0_CLK
                   U290.A7*        -597.600  493.000 L    0.000  
                   VIA             -597.600  493.000 V    0.000  TOP
                   VIA             -597.600  493.000 V    0.000  TOP
                   VIA             -597.600  493.000 V    0.000  TOP
                   VIA             -597.600  493.000 V    0.000  TOP
                   VIA             -186.500  476.500 V  417.935  LAY08
                   VIA             -186.500  476.500 V  417.935  TOP
                   VIA             -186.500  476.500 V  417.935  TOP
                   VIA             -186.500  476.500 V  417.935  TOP
                   JTBTA_LS.1*     -161.500  529.700 L  486.059  BOTTOM
        TOTAL         8 VIA(S)                          486.059  mils
 - - - - - - - - - - - - - - - - - - - - - - - - - - - - - - - - - - - - - - -  
 SML0_DATA
                   U290.B7*        -597.600  511.100 L    0.000  
                   VIA             -597.600  511.100 V    0.000  TOP
                   VIA             -597.600  511.100 V    0.000  TOP
                   VIA             -597.600  511.100 V    0.000  TOP
                   VIA             -597.600  511.100 V    0.000  TOP
                   VIA              -48.000  517.500 V  626.882  LAY08
                   VIA              -48.000  517.500 V  626.882  TOP
                   VIA              -48.000  517.500 V  626.882  TOP
                   VIA              -48.000  517.500 V  626.882  TOP
                   JTBTA_LS.2*      -82.500  529.700 L  666.435  BOTTOM
        TOTAL         8 VIA(S)                          666.435  mils
 - - - - - - - - - - - - - - - - - - - - - - - - - - - - - - - - - - - - - - -  
 TBTB_CC2
                   JTBTA_LS.7*     -161.500  571.000 L    0.000  
                   VIA             -166.500  571.000 V    5.000  TOP
                   VIA             -166.500  571.000 V    5.000  TOP
                   VIA             -166.500  571.000 V    5.000  TOP
                   VIA             -166.500  571.000 V    5.000  TOP
                   VIA             -166.500  571.000 V    5.000  TOP
                   VIA             -166.500  571.000 V    5.000  TOP
                   VIA             -166.500  571.000 V    5.000  TOP
|------------------------------------------------------------------------------|
|                             ECL  LOADING  REPORT                             |
|                                                                    Page   9  |
|------------------------------------------------------------------------------|
|  C:/1/NSD54BR01_SINGLE-1006.brd                                              |
|  dimensions in mils                                Tue Oct 06 16:31:03 2020  |
|------------------------------------------------------------------------------|
|                   refdes                                                     |
|  net name         pinid               x        y       length   layer        |
|- - - - - - - - - - - - - - - - - - - - - - - - - - - - - - - - - - - - - - - |
                   VIA             -166.500  571.000 V    5.000  TOP
                   VIA             -166.500  571.000 V    5.000  TOP
                   VIA             -318.400  713.000 V  331.924  LAY3
                   VIA             -318.400  713.000 V  331.924  TOP
                   VIA             -318.400  713.000 V  331.924  TOP
                   VIA             -318.400  713.000 V  331.924  TOP
                   VIA             -318.400  713.000 V  331.924  TOP
                   VIA             -318.400  713.000 V  331.924  TOP
                   VIA             -318.400  713.000 V  331.924  TOP
                   VIA             -318.400  713.000 V  331.924  TOP
                   VIA             -318.400  713.000 V  331.924  TOP
                   U203.D4*        -318.400  713.000 L  331.924  TOP
        TOTAL        18 VIA(S)                          331.924  mils
 - - - - - - - - - - - - - - - - - - - - - - - - - - - - - - - - - - - - - - -  
 TBTB_RX1N
                   U290.J11*       -525.200  637.900 L    0.000  
                   VIA             -525.200  637.900 V    0.000  TOP
                   VIA             -525.200  637.900 V    0.000  TOP
                   VIA             -525.200  637.900 V    0.000  TOP
                   VIA             -525.200  637.900 V    0.000  TOP
                   VIA             -525.200  637.900 V    0.000  TOP
                   VIA             -525.200  637.900 V    0.000  TOP
                   VIA             -525.200  637.900 V    0.000  TOP
                   VIA             -525.200  637.900 V    0.000  TOP
                   VIA             -525.200  637.900 V    0.000  TOP
                   VIA             -525.200  637.900 V    0.000  TOP
                   VIA             -525.200  637.900 V    0.000  TOP
                   R3608.1*        -279.000  529.500 L  317.785  TOP
        TOTAL        11 VIA(S)                          317.785  mils
 - - - - - - - - - - - - - - - - - - - - - - - - - - - - - - - - - - - - - - -  
 TBTB_RX1N_C
                   J59.B10*        -319.685  282.455 L    0.000  
                   VIA             -319.585  282.355 V    0.141  TOP
                   VIA             -319.585  282.355 V    0.141  TOP
                   VIA             -319.585  282.355 V    0.141  TOP
                   VIA             -319.585  282.355 V    0.141  TOP
                   VIA             -319.585  282.355 V    0.141  TOP
                   VIA             -319.585  282.355 V    0.141  TOP
                   VIA             -319.585  282.355 V    0.141  TOP
                   VIA             -319.585  282.355 V    0.141  TOP
                   VIA             -319.585  282.355 V    0.141  TOP
                   VIA             -319.585  282.355 V    0.141  TOP
                   VIA             -319.585  282.355 V    0.141  TOP
                   R3610.2         -278.500  419.000 L  156.604  TOP
                   C3602.1*        -280.000  440.500 L  183.970  TOP
        TOTAL        11 VIA(S)                          183.970  mils
|------------------------------------------------------------------------------|
|                             ECL  LOADING  REPORT                             |
|                                                                    Page  10  |
|------------------------------------------------------------------------------|
|  C:/1/NSD54BR01_SINGLE-1006.brd                                              |
|  dimensions in mils                                Tue Oct 06 16:31:03 2020  |
|------------------------------------------------------------------------------|
|                   refdes                                                     |
|  net name         pinid               x        y       length   layer        |
|- - - - - - - - - - - - - - - - - - - - - - - - - - - - - - - - - - - - - - - |
 TBTB_RX1N_R
                   C3602.2*        -280.000  463.500 L    0.000  
                   D357.1          -278.200  485.000 L   26.766  TOP
                   R3608.2*        -279.000  506.500 L   53.365  TOP
        TOTAL         0 VIA(S)                           53.365  mils
 - - - - - - - - - - - - - - - - - - - - - - - - - - - - - - - - - - - - - - -  
 TBTB_RX1P
                   U290.J12*       -507.100  637.900 L    0.000  
                   VIA             -507.100  637.900 V    0.000  TOP
                   VIA             -507.100  637.900 V    0.000  TOP
                   VIA             -507.100  637.900 V    0.000  TOP
                   VIA             -507.100  637.900 V    0.000  TOP
                   VIA             -507.100  637.900 V    0.000  TOP
                   VIA             -507.100  637.900 V    0.000  TOP
                   VIA             -507.100  637.900 V    0.000  TOP
                   VIA             -507.100  637.900 V    0.000  TOP
                   VIA             -507.100  637.900 V    0.000  TOP
                   VIA             -507.100  637.900 V    0.000  TOP
                   VIA             -507.100  637.900 V    0.000  TOP
                   R3607.1*        -258.000  529.500 L  318.459  TOP
        TOTAL        11 VIA(S)                          318.459  mils
 - - - - - - - - - - - - - - - - - - - - - - - - - - - - - - - - - - - - - - -  
 TBTB_RX1P_C
                   J59.B11*        -299.985  282.455 L    0.000  
                   VIA             -299.885  282.355 V    0.141  TOP
                   VIA             -299.885  282.355 V    0.141  TOP
                   VIA             -299.885  282.355 V    0.141  TOP
                   VIA             -299.885  282.355 V    0.141  TOP
                   VIA             -299.885  282.355 V    0.141  TOP
                   VIA             -299.885  282.355 V    0.141  TOP
                   VIA             -299.885  282.355 V    0.141  TOP
                   VIA             -299.885  282.355 V    0.141  TOP
                   VIA             -299.885  282.355 V    0.141  TOP
                   VIA             -299.885  282.355 V    0.141  TOP
                   VIA             -299.885  282.355 V    0.141  TOP
                   R3609.2         -257.500  419.000 L  156.616  TOP
                   C3603.1*        -257.000  440.500 L  183.740  TOP
        TOTAL        11 VIA(S)                          183.740  mils
 - - - - - - - - - - - - - - - - - - - - - - - - - - - - - - - - - - - - - - -  
 TBTB_RX1P_R
                   C3603.2*        -257.000  463.500 L    0.000  
                   D356.1          -258.900  485.000 L   26.736  TOP
                   R3607.2*        -258.000  506.500 L   52.853  TOP
        TOTAL         0 VIA(S)                           52.853  mils
 - - - - - - - - - - - - - - - - - - - - - - - - - - - - - - - - - - - - - - -  
 TBTB_RX2N
|------------------------------------------------------------------------------|
|                             ECL  LOADING  REPORT                             |
|                                                                    Page  11  |
|------------------------------------------------------------------------------|
|  C:/1/NSD54BR01_SINGLE-1006.brd                                              |
|  dimensions in mils                                Tue Oct 06 16:31:03 2020  |
|------------------------------------------------------------------------------|
|                   refdes                                                     |
|  net name         pinid               x        y       length   layer        |
|- - - - - - - - - - - - - - - - - - - - - - - - - - - - - - - - - - - - - - - |
                   R11045.1*       -411.000  528.500 L    0.000  
                   U290.C11*       -525.200  529.200 L  143.840  BOTTOM
        TOTAL         0 VIA(S)                          143.840  mils
 - - - - - - - - - - - - - - - - - - - - - - - - - - - - - - - - - - - - - - -  
 TBTB_RX2N_C
                   C10093.2*       -410.000  439.500 L    0.000  
                   R3603.2         -410.500  418.000 L   27.746  BOTTOM
                   J59.A10*        -467.385  347.455 L  145.353  BOTTOM
        TOTAL         0 VIA(S)                          145.353  mils
 - - - - - - - - - - - - - - - - - - - - - - - - - - - - - - - - - - - - - - -  
 TBTB_RX2N_R
                   R11045.2*       -411.000  505.500 L    0.000  
                   D354.1          -410.900  484.000 L   26.778  BOTTOM
                   C10093.1*       -410.000  462.500 L   53.555  BOTTOM
        TOTAL         0 VIA(S)                           53.555  mils
 - - - - - - - - - - - - - - - - - - - - - - - - - - - - - - - - - - - - - - -  
 TBTB_RX2P
                   R11046.1*       -432.000  528.500 L    0.000  
                   U290.C12*       -507.100  529.200 L  142.953  BOTTOM
        TOTAL         0 VIA(S)                          142.953  mils
 - - - - - - - - - - - - - - - - - - - - - - - - - - - - - - - - - - - - - - -  
 TBTB_RX2P_C
                   C10094.2*       -433.000  439.500 L    0.000  
                   R6304.2         -432.500  418.000 L   27.438  BOTTOM
                   J59.A11*        -486.985  347.455 L  145.160  BOTTOM
        TOTAL         0 VIA(S)                          145.160  mils
 - - - - - - - - - - - - - - - - - - - - - - - - - - - - - - - - - - - - - - -  
 TBTB_RX2P_R
                   R11046.2*       -432.000  505.500 L    0.000  
                   D355.1          -431.100  484.000 L   26.431  BOTTOM
                   C10094.1*       -433.000  462.500 L   53.649  BOTTOM
        TOTAL         0 VIA(S)                           53.649  mils
 - - - - - - - - - - - - - - - - - - - - - - - - - - - - - - - - - - - - - - -  
 TBTB_SBU1
                   U203.D1*        -318.400  665.800 L    0.000  
                   VIA             -318.400  665.800 V    0.000  TOP
                   VIA             -318.400  665.800 V    0.000  TOP
                   VIA             -318.400  665.800 V    0.000  TOP
                   VIA             -318.400  665.800 V    0.000  TOP
                   VIA             -318.400  665.800 V    0.000  TOP
                   VIA             -318.400  665.800 V    0.000  TOP
                   VIA             -318.400  665.800 V    0.000  TOP
                   VIA             -318.400  665.800 V    0.000  TOP
                   VIA             -318.400  665.800 V    0.000  TOP
                   VIA             -542.200  693.900 V  335.593  LAY3
                   VIA             -542.200  693.900 V  335.593  TOP
|------------------------------------------------------------------------------|
|                             ECL  LOADING  REPORT                             |
|                                                                    Page  12  |
|------------------------------------------------------------------------------|
|  C:/1/NSD54BR01_SINGLE-1006.brd                                              |
|  dimensions in mils                                Tue Oct 06 16:31:03 2020  |
|------------------------------------------------------------------------------|
|                   refdes                                                     |
|  net name         pinid               x        y       length   layer        |
|- - - - - - - - - - - - - - - - - - - - - - - - - - - - - - - - - - - - - - - |
                   VIA             -542.200  693.900 V  335.593  TOP
                   VIA             -542.200  693.900 V  335.593  TOP
                   VIA             -542.200  693.900 V  335.593  TOP
                   VIA             -542.200  693.900 V  335.593  TOP
                   VIA             -542.200  693.900 V  335.593  TOP
                   VIA             -542.200  693.900 V  335.593  TOP
                   VIA             -542.200  693.900 V  335.593  TOP
                   U290.M10*       -543.300  692.200 L  337.807  BOTTOM
        TOTAL        18 VIA(S)                          337.807  mils
 - - - - - - - - - - - - - - - - - - - - - - - - - - - - - - - - - - - - - - -  
 TBTB_SBU2
                   U203.D2*        -318.400  681.500 L    0.000  
                   VIA             -318.400  681.500 V    0.000  TOP
                   VIA             -318.400  681.500 V    0.000  TOP
                   VIA             -318.400  681.500 V    0.000  TOP
                   VIA             -318.400  681.500 V    0.000  TOP
                   VIA             -318.400  681.500 V    0.000  TOP
                   VIA             -318.400  681.500 V    0.000  TOP
                   VIA             -318.400  681.500 V    0.000  TOP
                   VIA             -318.400  681.500 V    0.000  TOP
                   VIA             -318.400  681.500 V    0.000  TOP
                   VIA             -543.300  674.100 V  342.148  LAY3
                   VIA             -543.300  674.100 V  342.148  TOP
                   VIA             -543.300  674.100 V  342.148  TOP
                   VIA             -543.300  674.100 V  342.148  TOP
                   VIA             -543.300  674.100 V  342.148  TOP
                   VIA             -543.300  674.100 V  342.148  TOP
                   VIA             -543.300  674.100 V  342.148  TOP
                   VIA             -543.300  674.100 V  342.148  TOP
                   VIA             -543.300  674.100 V  342.148  TOP
                   U290.L10*       -543.300  674.100 L  342.148  TOP
        TOTAL        18 VIA(S)                          342.148  mils
 - - - - - - - - - - - - - - - - - - - - - - - - - - - - - - - - - - - - - - -  
 TBTB_SBU1_CONN
                   U203.B1*        -286.900  665.800 L    0.000  
                   VIA             -286.900  665.800 V    0.000  TOP
                   VIA             -286.900  665.800 V    0.000  TOP
                   VIA             -427.985  347.455 V  432.285  LAY10
                   VIA             -427.985  347.455 V  432.285  TOP
                   J59.A8*         -427.985  347.455 L  432.285  TOP
        TOTAL         4 VIA(S)                          432.285  mils
 - - - - - - - - - - - - - - - - - - - - - - - - - - - - - - - - - - - - - - -  
 TBTB_SBU2_CONN
                   U203.A1*        -271.200  665.800 L    0.000  
                   VIA             -271.200  665.800 V    0.000  TOP
                   VIA             -271.200  665.800 V    0.000  TOP
|------------------------------------------------------------------------------|
|                             ECL  LOADING  REPORT                             |
|                                                                    Page  13  |
|------------------------------------------------------------------------------|
|  C:/1/NSD54BR01_SINGLE-1006.brd                                              |
|  dimensions in mils                                Tue Oct 06 16:31:03 2020  |
|------------------------------------------------------------------------------|
|                   refdes                                                     |
|  net name         pinid               x        y       length   layer        |
|- - - - - - - - - - - - - - - - - - - - - - - - - - - - - - - - - - - - - - - |
                   VIA             -359.085  282.455 V  432.589  LAY10
                   VIA             -359.085  282.455 V  432.589  TOP
                   J59.B8*         -359.085  282.455 L  432.589  TOP
        TOTAL         4 VIA(S)                          432.589  mils
 - - - - - - - - - - - - - - - - - - - - - - - - - - - - - - - - - - - - - - -  
 TBTB_TX1N
                   R3602.1*        -279.000  529.500 L    0.000  
                   U290.G11*       -525.200  601.700 L  305.253  BOTTOM
        TOTAL         0 VIA(S)                          305.253  mils
 - - - - - - - - - - - - - - - - - - - - - - - - - - - - - - - - - - - - - - -  
 TBTB_TX1N_C
                   C3020.2*        -280.000  440.500 L    0.000  
                   R3606.2         -278.500  419.000 L   28.016  BOTTOM
                   J59.A3*         -329.585  347.455 L  141.313  BOTTOM
        TOTAL         0 VIA(S)                          141.313  mils
 - - - - - - - - - - - - - - - - - - - - - - - - - - - - - - - - - - - - - - -  
 TBTB_TX1N_R
                   C3020.1*        -280.000  463.500 L    0.000  
                   D349.1          -278.100  485.000 L   26.704  BOTTOM
                   R3602.2*        -279.000  506.500 L   53.377  BOTTOM
        TOTAL         0 VIA(S)                           53.377  mils
 - - - - - - - - - - - - - - - - - - - - - - - - - - - - - - - - - - - - - - -  
 TBTB_TX1P
                   R3601.1*        -258.000  529.500 L    0.000  
                   U290.G12*       -507.100  601.700 L  304.967  BOTTOM
        TOTAL         0 VIA(S)                          304.967  mils
 - - - - - - - - - - - - - - - - - - - - - - - - - - - - - - - - - - - - - - -  
 TBTB_TX1P_C
                   C3019.2*        -257.000  440.500 L    0.000  
                   R3605.2         -257.500  419.000 L   26.754  BOTTOM
                   J59.A2*         -309.885  347.455 L  140.550  BOTTOM
        TOTAL         0 VIA(S)                          140.550  mils
 - - - - - - - - - - - - - - - - - - - - - - - - - - - - - - - - - - - - - - -  
 TBTB_TX1P_R
                   C3019.1*        -257.000  463.500 L    0.000  
                   D348.1          -258.900  485.000 L   26.538  BOTTOM
                   R3601.2*        -258.000  506.500 L   53.043  BOTTOM
        TOTAL         0 VIA(S)                           53.043  mils
 - - - - - - - - - - - - - - - - - - - - - - - - - - - - - - - - - - - - - - -  
 TBTB_TX2N
                   U290.E11*       -525.200  565.400 L    0.000  
                   VIA             -525.200  565.400 V    0.000  TOP
                   VIA             -525.200  565.400 V    0.000  TOP
                   VIA             -525.200  565.400 V    0.000  TOP
                   VIA             -525.200  565.400 V    0.000  TOP
                   VIA             -525.200  565.400 V    0.000  TOP
|------------------------------------------------------------------------------|
|                             ECL  LOADING  REPORT                             |
|                                                                    Page  14  |
|------------------------------------------------------------------------------|
|  C:/1/NSD54BR01_SINGLE-1006.brd                                              |
|  dimensions in mils                                Tue Oct 06 16:31:03 2020  |
|------------------------------------------------------------------------------|
|                   refdes                                                     |
|  net name         pinid               x        y       length   layer        |
|- - - - - - - - - - - - - - - - - - - - - - - - - - - - - - - - - - - - - - - |
                   VIA             -525.200  565.400 V    0.000  TOP
                   VIA             -525.200  565.400 V    0.000  TOP
                   VIA             -525.200  565.400 V    0.000  TOP
                   VIA             -525.200  565.400 V    0.000  TOP
                   VIA             -525.200  565.400 V    0.000  TOP
                   VIA             -525.200  565.400 V    0.000  TOP
                   R3613.1*        -409.000  528.500 L  183.282  TOP
        TOTAL        11 VIA(S)                          183.282  mils
 - - - - - - - - - - - - - - - - - - - - - - - - - - - - - - - - - - - - - - -  
 TBTB_TX2N_C
                   J59.B3*         -457.485  282.455 L    0.000  
                   VIA             -457.485  282.455 V    0.000  TOP
                   VIA             -457.485  282.455 V    0.000  TOP
                   VIA             -457.485  282.455 V    0.000  TOP
                   VIA             -457.485  282.455 V    0.000  TOP
                   VIA             -457.485  282.455 V    0.000  TOP
                   VIA             -457.485  282.455 V    0.000  TOP
                   VIA             -457.485  282.455 V    0.000  TOP
                   VIA             -457.485  282.455 V    0.000  TOP
                   VIA             -457.485  282.455 V    0.000  TOP
                   VIA             -457.485  282.455 V    0.000  TOP
                   VIA             -457.485  282.455 V    0.000  TOP
                   R3611.2         -410.500  418.000 L  157.230  TOP
                   C3021.1*        -410.000  439.500 L  184.694  TOP
        TOTAL        11 VIA(S)                          184.694  mils
 - - - - - - - - - - - - - - - - - - - - - - - - - - - - - - - - - - - - - - -  
 TBTB_TX2N_R
                   R3613.2*        -409.000  505.500 L    0.000  
                   D362.1          -410.800  484.000 L   27.809  TOP
                   C3021.2*        -410.000  462.500 L   54.475  TOP
        TOTAL         0 VIA(S)                           54.475  mils
 - - - - - - - - - - - - - - - - - - - - - - - - - - - - - - - - - - - - - - -  
 TBTB_TX2P
                   U290.E12*       -507.100  565.400 L    0.000  
                   VIA             -505.000  565.400 V    2.100  TOP
                   VIA             -505.000  565.400 V    2.100  TOP
                   VIA             -505.000  565.400 V    2.100  TOP
                   VIA             -505.000  565.400 V    2.100  TOP
                   VIA             -505.000  565.400 V    2.100  TOP
                   VIA             -505.000  565.400 V    2.100  TOP
                   VIA             -505.000  565.400 V    2.100  TOP
                   VIA             -505.000  565.400 V    2.100  TOP
                   VIA             -505.000  565.400 V    2.100  TOP
                   VIA             -505.000  565.400 V    2.100  TOP
                   VIA             -505.000  565.400 V    2.100  TOP
                   R3614.1*        -433.000  528.500 L  182.892  TOP
|------------------------------------------------------------------------------|
|                             ECL  LOADING  REPORT                             |
|                                                                    Page  15  |
|------------------------------------------------------------------------------|
|  C:/1/NSD54BR01_SINGLE-1006.brd                                              |
|  dimensions in mils                                Tue Oct 06 16:31:03 2020  |
|------------------------------------------------------------------------------|
|                   refdes                                                     |
|  net name         pinid               x        y       length   layer        |
|- - - - - - - - - - - - - - - - - - - - - - - - - - - - - - - - - - - - - - - |
        TOTAL        11 VIA(S)                          182.892  mils
 - - - - - - - - - - - - - - - - - - - - - - - - - - - - - - - - - - - - - - -  
 TBTB_TX2P_C
                   J59.B2*         -477.185  282.455 L    0.000  
                   VIA             -477.185  282.455 V    0.000  TOP
                   VIA             -477.185  282.455 V    0.000  TOP
                   VIA             -477.185  282.455 V    0.000  TOP
                   VIA             -477.185  282.455 V    0.000  TOP
                   VIA             -477.185  282.455 V    0.000  TOP
                   VIA             -477.185  282.455 V    0.000  TOP
                   VIA             -477.185  282.455 V    0.000  TOP
                   VIA             -477.185  282.455 V    0.000  TOP
                   VIA             -477.185  282.455 V    0.000  TOP
                   VIA             -477.185  282.455 V    0.000  TOP
                   VIA             -477.185  282.455 V    0.000  TOP
                   R3612.2         -432.500  418.000 L  157.105  TOP
                   C3022.1*        -433.000  439.500 L  184.543  TOP
        TOTAL        11 VIA(S)                          184.543  mils
 - - - - - - - - - - - - - - - - - - - - - - - - - - - - - - - - - - - - - - -  
 TBTB_TX2P_R
                   R3614.2*        -433.000  505.500 L    0.000  
                   D363.1          -431.200  484.000 L   27.007  TOP
                   C3022.2*        -433.000  462.500 L   54.801  TOP
        TOTAL         0 VIA(S)                           54.801  mils
 - - - - - - - - - - - - - - - - - - - - - - - - - - - - - - - - - - - - - - -  
 TBT_LSX1_RXD
                   U290.L7*        -597.600  674.100 L    0.000  
                   VIA             -597.600  674.100 V    0.000  TOP
                   VIA             -597.600  674.100 V    0.000  TOP
                   VIA             -597.600  674.100 V    0.000  TOP
                   VIA             -597.600  674.100 V    0.000  TOP
                   VIA             -161.500  598.600 V  493.137  LAY08
                   VIA             -161.500  598.600 V  493.137  TOP
                   VIA             -161.500  598.600 V  493.137  TOP
                   VIA             -161.500  598.600 V  493.137  TOP
                   JTBTA_LS.11*    -161.500  598.600 L  493.137  TOP
        TOTAL         8 VIA(S)                          493.137  mils
 - - - - - - - - - - - - - - - - - - - - - - - - - - - - - - - - - - - - - - -  
 TBT_LSX1_TXD
                   JTBTA_LS.9*     -161.500  584.800 L    0.000  
                   VIA             -161.500  584.800 V    0.000  TOP
                   VIA             -161.500  584.800 V    0.000  TOP
                   VIA             -161.500  584.800 V    0.000  TOP
                   VIA             -161.500  584.800 V    0.000  TOP
                   VIA             -597.600  692.200 V  538.041  LAY08
                   VIA             -597.600  692.200 V  538.041  TOP
|------------------------------------------------------------------------------|
|                             ECL  LOADING  REPORT                             |
|                                                                    Page  16  |
|------------------------------------------------------------------------------|
|  C:/1/NSD54BR01_SINGLE-1006.brd                                              |
|  dimensions in mils                                Tue Oct 06 16:31:03 2020  |
|------------------------------------------------------------------------------|
|                   refdes                                                     |
|  net name         pinid               x        y       length   layer        |
|- - - - - - - - - - - - - - - - - - - - - - - - - - - - - - - - - - - - - - - |
                   VIA             -597.600  692.200 V  538.041  TOP
                   VIA             -597.600  692.200 V  538.041  TOP
                   U290.M7*        -597.600  692.200 L  538.041  TOP
        TOTAL         8 VIA(S)                          538.041  mils
 - - - - - - - - - - - - - - - - - - - - - - - - - - - - - - - - - - - - - - -  
 TCP1_AUXN
                   JTBTA_LS.17*    -161.500  639.900 L    0.000  
                   VIA             -161.500  639.900 V    0.000  TOP
                   VIA             -161.500  639.900 V    0.000  TOP
                   VIA             -161.500  639.900 V    0.000  TOP
                   VIA             -161.500  639.900 V    0.000  TOP
                   VIA             -579.500  692.200 V  511.620  LAY08
                   VIA             -579.500  692.200 V  511.620  TOP
                   VIA             -579.500  692.200 V  511.620  TOP
                   VIA             -579.500  692.200 V  511.620  TOP
                   U290.M8*        -579.500  692.200 L  511.620  TOP
        TOTAL         8 VIA(S)                          511.620  mils
 - - - - - - - - - - - - - - - - - - - - - - - - - - - - - - - - - - - - - - -  
 TCP1_AUXP
                   JTBTA_LS.15*    -161.500  626.200 L    0.000  
                   VIA             -161.500  626.200 V    0.000  TOP
                   VIA             -161.500  626.200 V    0.000  TOP
                   VIA             -161.500  626.200 V    0.000  TOP
                   VIA             -161.500  626.200 V    0.000  TOP
                   VIA             -579.500  674.100 V  511.786  LAY08
                   VIA             -579.500  674.100 V  511.786  TOP
                   VIA             -579.500  674.100 V  511.786  TOP
                   VIA             -579.500  674.100 V  511.786  TOP
                   U290.L8*        -579.500  674.100 L  511.786  TOP
        TOTAL         8 VIA(S)                          511.786  mils
 - - - - - - - - - - - - - - - - - - - - - - - - - - - - - - - - - - - - - - -  
 TCP1_TXRX_N0
                   JTBTA_HS.8*     -883.859  622.996 L    0.000  
                   C8940.1*        -795.500  587.000 L  106.481  BOTTOM
        TOTAL         0 VIA(S)                          106.481  mils
 - - - - - - - - - - - - - - - - - - - - - - - - - - - - - - - - - - - - - - -  
 TCP1_TXRX_N1
                   JTBTA_HS.3*     -883.859  544.296 L    0.000  
                   C8944.1*        -795.500  520.000 L  100.387  BOTTOM
        TOTAL         0 VIA(S)                          100.387  mils
 - - - - - - - - - - - - - - - - - - - - - - - - - - - - - - - - - - - - - - -  
 TCP1_TXRX_N0_C
                   C8940.2*        -772.500  587.000 L    0.000  
                   U290.G2*        -688.200  601.700 L  109.876  BOTTOM
        TOTAL         0 VIA(S)                          109.876  mils
 - - - - - - - - - - - - - - - - - - - - - - - - - - - - - - - - - - - - - - -  
|------------------------------------------------------------------------------|
|                             ECL  LOADING  REPORT                             |
|                                                                    Page  17  |
|------------------------------------------------------------------------------|
|  C:/1/NSD54BR01_SINGLE-1006.brd                                              |
|  dimensions in mils                                Tue Oct 06 16:31:03 2020  |
|------------------------------------------------------------------------------|
|                   refdes                                                     |
|  net name         pinid               x        y       length   layer        |
|- - - - - - - - - - - - - - - - - - - - - - - - - - - - - - - - - - - - - - - |
 TCP1_TXRX_N1_C
                   C8944.2*        -772.500  520.000 L    0.000  
                   U290.E2*        -688.200  565.400 L  100.902  BOTTOM
        TOTAL         0 VIA(S)                          100.902  mils
 - - - - - - - - - - - - - - - - - - - - - - - - - - - - - - - - - - - - - - -  
 TCP1_TXRX_P0
                   JTBTA_HS.7*     -883.859  607.296 L    0.000  
                   C8939.1*        -795.500  566.000 L  107.457  BOTTOM
        TOTAL         0 VIA(S)                          107.457  mils
 - - - - - - - - - - - - - - - - - - - - - - - - - - - - - - - - - - - - - - -  
 TCP1_TXRX_P1
                   JTBTA_HS.4*     -883.859  559.996 L    0.000  
                   C8943.1*        -795.500  541.000 L  100.264  BOTTOM
        TOTAL         0 VIA(S)                          100.264  mils
 - - - - - - - - - - - - - - - - - - - - - - - - - - - - - - - - - - - - - - -  
 TCP1_TXRX_P0_C
                   C8939.2*        -772.500  566.000 L    0.000  
                   U290.G1*        -706.300  601.700 L  109.806  BOTTOM
        TOTAL         0 VIA(S)                          109.806  mils
 - - - - - - - - - - - - - - - - - - - - - - - - - - - - - - - - - - - - - - -  
 TCP1_TXRX_P1_C
                   C8943.2*        -772.500  541.000 L    0.000  
                   U290.E1*        -706.300  565.400 L  101.437  BOTTOM
        TOTAL         0 VIA(S)                          101.437  mils
 - - - - - - - - - - - - - - - - - - - - - - - - - - - - - - - - - - - - - - -  
 TCP1_TX_N0
                   JTBTA_HS.10*    -883.859  654.496 L    0.000  
                   C8938.1*        -795.500  632.000 L  101.998  BOTTOM
        TOTAL         0 VIA(S)                          101.998  mils
 - - - - - - - - - - - - - - - - - - - - - - - - - - - - - - - - - - - - - - -  
 TCP1_TX_N1
                   JTBTA_HS.1*     -883.859  512.796 L    0.000  
                   C8942.1*        -795.500  475.000 L  105.454  BOTTOM
        TOTAL         0 VIA(S)                          105.454  mils
 - - - - - - - - - - - - - - - - - - - - - - - - - - - - - - - - - - - - - - -  
 TCP1_TX_N0_C
                   C8938.2*        -772.500  632.000 L    0.000  
                   U290.J2*        -688.200  637.900 L   96.187  BOTTOM
        TOTAL         0 VIA(S)                           96.187  mils
 - - - - - - - - - - - - - - - - - - - - - - - - - - - - - - - - - - - - - - -  
 TCP1_TX_N1_C
                   C8942.2*        -772.500  475.000 L    0.000  
                   U290.C2*        -688.200  529.200 L  111.703  BOTTOM
        TOTAL         0 VIA(S)                          111.703  mils
 - - - - - - - - - - - - - - - - - - - - - - - - - - - - - - - - - - - - - - -  
 TCP1_TX_P0
|------------------------------------------------------------------------------|
|                             ECL  LOADING  REPORT                             |
|                                                                    Page  18  |
|------------------------------------------------------------------------------|
|  C:/1/NSD54BR01_SINGLE-1006.brd                                              |
|  dimensions in mils                                Tue Oct 06 16:31:03 2020  |
|------------------------------------------------------------------------------|
|                   refdes                                                     |
|  net name         pinid               x        y       length   layer        |
|- - - - - - - - - - - - - - - - - - - - - - - - - - - - - - - - - - - - - - - |
                   JTBTA_HS.9*     -883.859  638.796 L    0.000  
                   C8937.1*        -795.500  611.000 L  101.794  BOTTOM
        TOTAL         0 VIA(S)                          101.794  mils
 - - - - - - - - - - - - - - - - - - - - - - - - - - - - - - - - - - - - - - -  
 TCP1_TX_P1
                   JTBTA_HS.2*     -883.859  528.496 L    0.000  
                   C8941.1*        -795.500  496.000 L  105.754  BOTTOM
        TOTAL         0 VIA(S)                          105.754  mils
 - - - - - - - - - - - - - - - - - - - - - - - - - - - - - - - - - - - - - - -  
 TCP1_TX_P0_C
                   C8937.2*        -772.500  611.000 L    0.000  
                   U290.J1*        -706.300  637.900 L   95.464  BOTTOM
        TOTAL         0 VIA(S)                           95.464  mils
 - - - - - - - - - - - - - - - - - - - - - - - - - - - - - - - - - - - - - - -  
 TCP1_TX_P1_C
                   C8941.2*        -772.500  496.000 L    0.000  
                   U290.C1*        -706.300  529.200 L  110.826  BOTTOM
        TOTAL         0 VIA(S)                          110.826  mils
 - - - - - - - - - - - - - - - - - - - - - - - - - - - - - - - - - - - - - - -  
 USB2_P5_DN_CONN
                   JTBTA_LS.23*    -161.500  681.300 L    0.000  
                   VIA             -161.500  681.300 V    0.000  TOP
                   VIA             -161.500  681.300 V    0.000  TOP
                   VIA             -355.300  450.000 V  325.914  LAY10
                   VIA             -355.300  450.000 V  325.914  TOP
                   D352.1          -355.300  450.000 L  325.914  TOP
                   J59.A7          -408.285  347.455 L  463.240  BOTTOM
                   VIA             -408.285  347.455 V  463.240  TOP
                   VIA             -408.285  347.455 V  463.240  TOP
                   VIA             -378.785  282.455 V  596.823  LAY10
                   VIA             -378.785  282.455 V  596.823  TOP
                   J59.B7*         -378.785  282.455 L  596.823  TOP
        TOTAL         8 VIA(S)                          596.823  mils
 - - - - - - - - - - - - - - - - - - - - - - - - - - - - - - - - - - - - - - -  
 USB2_P5_DP_CONN
                   JTBTA_LS.21*    -161.500  667.500 L    0.000  
                   VIA             -161.500  667.500 V    0.000  TOP
                   VIA             -161.500  667.500 V    0.000  TOP
                   VIA             -336.700  450.000 V  325.616  LAY10
                   VIA             -336.700  450.000 V  325.616  TOP
                   D351.1          -336.700  450.000 L  325.616  TOP
                   J59.A6          -388.585  347.455 L  462.652  BOTTOM
                   VIA             -388.585  347.455 V  462.652  TOP
                   VIA             -388.585  347.455 V  462.652  TOP
                   VIA             -398.485  282.455 V  595.474  LAY10
                   VIA             -398.485  282.455 V  595.474  TOP
|------------------------------------------------------------------------------|
|                             ECL  LOADING  REPORT                             |
|                                                                    Page  19  |
|------------------------------------------------------------------------------|
|  C:/1/NSD54BR01_SINGLE-1006.brd                                              |
|  dimensions in mils                                Tue Oct 06 16:31:03 2020  |
|------------------------------------------------------------------------------|
|                   refdes                                                     |
|  net name         pinid               x        y       length   layer        |
|- - - - - - - - - - - - - - - - - - - - - - - - - - - - - - - - - - - - - - - |
                   J59.B6*         -398.485  282.455 L  595.474  TOP
        TOTAL         8 VIA(S)                          595.474  mils
 - - - - - - - - - - - - - - - - - - - - - - - - - - - - - - - - - - - - - - -  
 VCC0P9_LC_TBTB
                   U290.J3*        -657.900  643.800 L    0.000  
                   VIA             -657.900  643.800 V    0.000  TOP
                   VIA             -657.900  643.800 V    0.000  TOP
                   VIA             -657.900  643.800 V    0.000  TOP
                   VIA             -657.900  643.800 V    0.000  TOP
                   VIA             -657.900  643.800 V    0.000  TOP
                   VIA             -657.900  643.800 V    0.000  TOP
                   VIA             -657.900  643.800 V    0.000  TOP
                   VIA             -657.900  643.800 V    0.000  TOP
                   VIA             -657.900  643.800 V    0.000  TOP
                   VIA             -657.900  643.800 V    0.000  TOP
                   VIA             -657.900  643.800 V    0.000  TOP
                   C8997.2*        -656.000  644.000 L    1.910  TOP
        TOTAL        11 VIA(S)                            1.910  mils
 - - - - - - - - - - - - - - - - - - - - - - - - - - - - - - - - - - - - - - -  
 VCC0P9_LVR_TBTB
                   C8999.2*        -614.000  736.000 L    0.000  
                   VIA             -614.000  736.000 V    0.000  TOP
                   VIA             -614.000  736.000 V    0.000  TOP
                   VIA             -614.000  736.000 V    0.000  TOP
                   VIA             -614.000  736.000 V    0.000  TOP
                   VIA             -614.000  736.000 V    0.000  TOP
                   VIA             -614.000  736.000 V    0.000  TOP
                   VIA             -614.000  736.000 V    0.000  TOP
                   VIA             -614.000  736.000 V    0.000  TOP
                   VIA             -614.000  736.000 V    0.000  TOP
                   VIA             -614.000  736.000 V    0.000  TOP
                   VIA             -614.000  736.000 V    0.000  TOP
                   VIA(T)          -615.700  708.000 V   28.704  BOTTOM
                   VIA             -615.700  708.000 V   28.704  TOP
                   VIA             -615.700  708.000 V   28.704  TOP
                   VIA             -615.700  708.000 V   28.704  TOP
                   VIA             -615.700  708.000 V   28.704  TOP
                   VIA             -615.700  708.000 V   28.704  TOP
                   VIA             -615.700  708.000 V   28.704  TOP
                   VIA             -615.700  708.000 V   28.704  TOP
                   VIA             -615.700  708.000 V   28.704  TOP
                   VIA             -615.700  708.000 V   28.704  TOP
                   VIA             -615.700  708.000 V   28.704  TOP
                   C8998.2*        -616.500  707.000 L   29.985  TOP
                   U290.M6         -615.700  692.200 L   45.785  BOTTOM
                   U290.L6*        -615.700  674.100 L   63.885  BOTTOM
|------------------------------------------------------------------------------|
|                             ECL  LOADING  REPORT                             |
|                                                                    Page  20  |
|------------------------------------------------------------------------------|
|  C:/1/NSD54BR01_SINGLE-1006.brd                                              |
|  dimensions in mils                                Tue Oct 06 16:31:03 2020  |
|------------------------------------------------------------------------------|
|                   refdes                                                     |
|  net name         pinid               x        y       length   layer        |
|- - - - - - - - - - - - - - - - - - - - - - - - - - - - - - - - - - - - - - - |
        TOTAL        22 VIA(S)                           63.885  mils
 - - - - - - - - - - - - - - - - - - - - - - - - - - - - - - - - - - - - - - -  
 VCC3B
                   JTBTA_LS.20*     -82.500  653.700 L    0.000  
                   VIA              -82.500  653.700 V    0.000  TOP
                   VIA              -82.500  653.700 V    0.000  TOP
                   VIA              -82.500  653.700 V    0.000  TOP
                   VIA              -82.500  653.700 V    0.000  TOP
                   VIA              -82.500  653.700 V    0.000  TOP
                   VIA              -82.500  653.700 V    0.000  TOP
                   VIA              -82.500  653.700 V    0.000  TOP
                   VIA             -552.000  418.500 V  566.923  LAY05
                   VIA             -552.000  418.500 V  566.923  TOP
                   VIA             -552.000  418.500 V  566.923  TOP
                   VIA             -552.000  418.500 V  566.923  TOP
                   VIA             -552.000  418.500 V  566.923  TOP
                   VIA             -552.000  418.500 V  566.923  TOP
                   VIA             -552.000  418.500 V  566.923  TOP
                   R10145.2*       -552.000  418.500 L  566.923  TOP
        TOTAL        14 VIA(S)                          566.923  mils
 - - - - - - - - - - - - - - - - - - - - - - - - - - - - - - - - - - - - - - -  
 VCC3P3A_SX_TBTB
                   U290.J7*        -581.100  643.800 L    0.000  
                   VIA             -581.100  643.800 V    0.000  TOP
                   VIA             -581.100  643.800 V    0.000  TOP
                   VIA             -581.100  643.800 V    0.000  TOP
                   VIA             -581.100  643.800 V    0.000  TOP
                   VIA             -581.100  643.800 V    0.000  TOP
                   VIA             -581.100  643.800 V    0.000  TOP
                   VIA             -581.100  643.800 V    0.000  TOP
                   VIA             -581.100  643.800 V    0.000  TOP
                   VIA             -581.100  643.800 V    0.000  TOP
                   VIA             -581.100  643.800 V    0.000  TOP
                   VIA             -581.100  643.800 V    0.000  TOP
                   C10214.2        -581.000  643.500 L    0.316  TOP
                   R11150.2*       -553.500  645.500 L   28.644  TOP
        TOTAL        11 VIA(S)                           28.644  mils
 - - - - - - - - - - - - - - - - - - - - - - - - - - - - - - - - - - - - - - -  
 VCC3P3_ANA_TBTB
                   U290.L2*        -688.200  674.100 L    0.000  
                   VIA             -688.200  674.100 V    0.000  TOP
                   VIA             -688.200  674.100 V    0.000  TOP
                   VIA             -688.200  674.100 V    0.000  TOP
                   VIA             -688.200  674.100 V    0.000  TOP
                   VIA             -688.200  674.100 V    0.000  TOP
                   VIA             -688.200  674.100 V    0.000  TOP
|------------------------------------------------------------------------------|
|                             ECL  LOADING  REPORT                             |
|                                                                    Page  21  |
|------------------------------------------------------------------------------|
|  C:/1/NSD54BR01_SINGLE-1006.brd                                              |
|  dimensions in mils                                Tue Oct 06 16:31:03 2020  |
|------------------------------------------------------------------------------|
|                   refdes                                                     |
|  net name         pinid               x        y       length   layer        |
|- - - - - - - - - - - - - - - - - - - - - - - - - - - - - - - - - - - - - - - |
                   VIA             -688.200  674.100 V    0.000  TOP
                   VIA             -688.200  674.100 V    0.000  TOP
                   VIA             -688.200  674.100 V    0.000  TOP
                   VIA             -688.200  674.100 V    0.000  TOP
                   VIA             -688.200  674.100 V    0.000  TOP
                   C8995.2*        -688.000  673.500 L    0.632  TOP
        TOTAL        11 VIA(S)                            0.632  mils
 - - - - - - - - - - - - - - - - - - - - - - - - - - - - - - - - - - - - - - -  
 VCC3P3_LC_TBTB
                   R10152.1*       -705.000  418.500 L    0.000  
                   VIA             -705.000  418.500 V    0.000  TOP
                   VIA             -705.000  418.500 V    0.000  TOP
                   VIA             -705.000  418.500 V    0.000  TOP
                   VIA             -705.000  418.500 V    0.000  TOP
                   VIA             -705.000  418.500 V    0.000  TOP
                   VIA             -705.000  418.500 V    0.000  TOP
                   VIA             -705.000  418.500 V    0.000  TOP
                   VIA             -705.000  418.500 V    0.000  TOP
                   VIA             -705.000  418.500 V    0.000  TOP
                   VIA             -705.000  418.500 V    0.000  TOP
                   VIA             -705.000  418.500 V    0.000  TOP
                   T               -705.000  453.648     35.148  TOP
                   R10153.1*       -681.000  541.500 L  132.941  TOP
                   R10154.1        -609.500  511.000 L  278.264  TOP
                   R10155.1        -609.500  541.500 L  308.764  TOP
                   C8996.2         -632.500  568.500 L  345.291  TOP
                   VIA             -632.300  567.000 V  346.804  TOP
                   VIA             -632.300  567.000 V  346.804  TOP
                   VIA             -632.300  567.000 V  346.804  TOP
                   VIA             -632.300  567.000 V  346.804  TOP
                   VIA             -632.300  567.000 V  346.804  TOP
                   VIA             -632.300  567.000 V  346.804  TOP
                   VIA             -632.300  567.000 V  346.804  TOP
                   VIA             -632.300  567.000 V  346.804  TOP
                   VIA             -632.300  567.000 V  346.804  TOP
                   VIA             -632.300  567.000 V  346.804  TOP
                   VIA             -632.300  567.000 V  346.804  TOP
                   U290.E5*        -632.300  567.000 L  346.804  TOP
        TOTAL        22 VIA(S)                          346.804  mils
 - - - - - - - - - - - - - - - - - - - - - - - - - - - - - - - - - - - - - - -  
 VCC3_LDO_PD
                   U203.C4*        -302.700  713.000 L    0.000  
                   C3225.2         -302.300  742.700 L   29.866  BOTTOM
                   R3189.2*        -282.000  742.000 L   50.456  BOTTOM
                   VIA             -302.300  742.700 V   50.456  TOP
                   VIA             -302.300  742.700 V   50.456  TOP
|------------------------------------------------------------------------------|
|                             ECL  LOADING  REPORT                             |
|                                                                    Page  22  |
|------------------------------------------------------------------------------|
|  C:/1/NSD54BR01_SINGLE-1006.brd                                              |
|  dimensions in mils                                Tue Oct 06 16:31:03 2020  |
|------------------------------------------------------------------------------|
|                   refdes                                                     |
|  net name         pinid               x        y       length   layer        |
|- - - - - - - - - - - - - - - - - - - - - - - - - - - - - - - - - - - - - - - |
                   VIA              -78.000  667.500 V  305.905  LAY10
                   VIA              -78.000  667.500 V  305.905  TOP
                   JTBTA_LS.22*     -82.500  667.500 L  310.405  TOP
        TOTAL         4 VIA(S)                          310.405  mils
 - - - - - - - - - - - - - - - - - - - - - - - - - - - - - - - - - - - - - - -  
|------------------------------------------------------------------------------|
|   End of ECL Loading Report                                                  |
|   total path length all ECL nets = 19880.953 mils                            |
|------------------------------------------------------------------------------|
